Archive member included to satisfy reference by file (symbol)

/usr/lib/gcc/arm-none-eabi/14.1.0/thumb/v6-m/nofp/libgcc.a(_dvmd_tls.o)
                              CMakeFiles/PICO_TEMPLATE.dir/usr/share/pico-sdk/src/rp2_common/pico_divider/divider_hardware.S.obj (__aeabi_idiv0)
/usr/lib/gcc/arm-none-eabi/14.1.0/../../../../arm-none-eabi/lib/thumb/v6-m/nofp/libg.a(libc_a-atexit.o)
                              /usr/lib/gcc/arm-none-eabi/14.1.0/../../../../arm-none-eabi/lib/thumb/v6-m/nofp/crt0.o (atexit)
/usr/lib/gcc/arm-none-eabi/14.1.0/../../../../arm-none-eabi/lib/thumb/v6-m/nofp/libg.a(libc_a-calloc.o)
                              CMakeFiles/PICO_TEMPLATE.dir/usr/share/pico-sdk/src/rp2_common/pico_malloc/malloc.c.obj (calloc)
/usr/lib/gcc/arm-none-eabi/14.1.0/../../../../arm-none-eabi/lib/thumb/v6-m/nofp/libg.a(libc_a-callocr.o)
                              /usr/lib/gcc/arm-none-eabi/14.1.0/../../../../arm-none-eabi/lib/thumb/v6-m/nofp/libg.a(libc_a-calloc.o) (_calloc_r)
/usr/lib/gcc/arm-none-eabi/14.1.0/../../../../arm-none-eabi/lib/thumb/v6-m/nofp/libg.a(libc_a-malloc.o)
                              CMakeFiles/PICO_TEMPLATE.dir/usr/share/pico-sdk/src/rp2_common/pico_malloc/malloc.c.obj (malloc)
/usr/lib/gcc/arm-none-eabi/14.1.0/../../../../arm-none-eabi/lib/thumb/v6-m/nofp/libg.a(libc_a-mallocr.o)
                              /usr/lib/gcc/arm-none-eabi/14.1.0/../../../../arm-none-eabi/lib/thumb/v6-m/nofp/libg.a(libc_a-callocr.o) (_malloc_r)
/usr/lib/gcc/arm-none-eabi/14.1.0/../../../../arm-none-eabi/lib/thumb/v6-m/nofp/libg.a(libc_a-mlock.o)
                              /usr/lib/gcc/arm-none-eabi/14.1.0/../../../../arm-none-eabi/lib/thumb/v6-m/nofp/libg.a(libc_a-mallocr.o) (__malloc_lock)
/usr/lib/gcc/arm-none-eabi/14.1.0/../../../../arm-none-eabi/lib/thumb/v6-m/nofp/libg.a(libc_a-realloc.o)
                              CMakeFiles/PICO_TEMPLATE.dir/usr/share/pico-sdk/src/rp2_common/pico_malloc/malloc.c.obj (realloc)
/usr/lib/gcc/arm-none-eabi/14.1.0/../../../../arm-none-eabi/lib/thumb/v6-m/nofp/libg.a(libc_a-reallocr.o)
                              /usr/lib/gcc/arm-none-eabi/14.1.0/../../../../arm-none-eabi/lib/thumb/v6-m/nofp/libg.a(libc_a-realloc.o) (_realloc_r)
/usr/lib/gcc/arm-none-eabi/14.1.0/../../../../arm-none-eabi/lib/thumb/v6-m/nofp/libg.a(libc_a-memcmp.o)
                              CMakeFiles/PICO_TEMPLATE.dir/usr/share/pico-sdk/src/rp2_common/pico_atomic/atomic.c.obj (memcmp)
/usr/lib/gcc/arm-none-eabi/14.1.0/../../../../arm-none-eabi/lib/thumb/v6-m/nofp/libg.a(libc_a-memmove.o)
                              /usr/lib/gcc/arm-none-eabi/14.1.0/../../../../arm-none-eabi/lib/thumb/v6-m/nofp/libg.a(libc_a-reallocr.o) (memmove)
/usr/lib/gcc/arm-none-eabi/14.1.0/../../../../arm-none-eabi/lib/thumb/v6-m/nofp/libg.a(libc_a-lcltime_r.o)
                              CMakeFiles/PICO_TEMPLATE.dir/usr/share/pico-sdk/src/common/pico_util/datetime.c.obj (localtime_r)
/usr/lib/gcc/arm-none-eabi/14.1.0/../../../../arm-none-eabi/lib/thumb/v6-m/nofp/libg.a(libc_a-mktime.o)
                              CMakeFiles/PICO_TEMPLATE.dir/usr/share/pico-sdk/src/common/pico_util/datetime.c.obj (mktime)
/usr/lib/gcc/arm-none-eabi/14.1.0/../../../../arm-none-eabi/lib/thumb/v6-m/nofp/libg.a(libc_a-month_lengths.o)
                              /usr/lib/gcc/arm-none-eabi/14.1.0/../../../../arm-none-eabi/lib/thumb/v6-m/nofp/libg.a(libc_a-lcltime_r.o) (__month_lengths)
/usr/lib/gcc/arm-none-eabi/14.1.0/../../../../arm-none-eabi/lib/thumb/v6-m/nofp/libg.a(libc_a-tzcalc_limits.o)
                              /usr/lib/gcc/arm-none-eabi/14.1.0/../../../../arm-none-eabi/lib/thumb/v6-m/nofp/libg.a(libc_a-lcltime_r.o) (__tzcalc_limits)
/usr/lib/gcc/arm-none-eabi/14.1.0/../../../../arm-none-eabi/lib/thumb/v6-m/nofp/libg.a(libc_a-tzlock.o)
                              /usr/lib/gcc/arm-none-eabi/14.1.0/../../../../arm-none-eabi/lib/thumb/v6-m/nofp/libg.a(libc_a-lcltime_r.o) (__tz_lock)
/usr/lib/gcc/arm-none-eabi/14.1.0/../../../../arm-none-eabi/lib/thumb/v6-m/nofp/libg.a(libc_a-tzset.o)
                              /usr/lib/gcc/arm-none-eabi/14.1.0/../../../../arm-none-eabi/lib/thumb/v6-m/nofp/libg.a(libc_a-lcltime_r.o) (_tzset_unlocked)
/usr/lib/gcc/arm-none-eabi/14.1.0/../../../../arm-none-eabi/lib/thumb/v6-m/nofp/libg.a(libc_a-tzset_r.o)
                              /usr/lib/gcc/arm-none-eabi/14.1.0/../../../../arm-none-eabi/lib/thumb/v6-m/nofp/libg.a(libc_a-tzset.o) (_tzset_unlocked_r)
/usr/lib/gcc/arm-none-eabi/14.1.0/../../../../arm-none-eabi/lib/thumb/v6-m/nofp/libg.a(libc_a-tzvars.o)
                              /usr/lib/gcc/arm-none-eabi/14.1.0/../../../../arm-none-eabi/lib/thumb/v6-m/nofp/libg.a(libc_a-tzset_r.o) (_timezone)
/usr/lib/gcc/arm-none-eabi/14.1.0/../../../../arm-none-eabi/lib/thumb/v6-m/nofp/libg.a(libc_a-impure.o)
                              /usr/lib/gcc/arm-none-eabi/14.1.0/../../../../arm-none-eabi/lib/thumb/v6-m/nofp/libg.a(libc_a-calloc.o) (_impure_ptr)
[...]
Memory Configuration

Name             Origin             Length             Attributes
FLASH            0x10000000         0x00200000         xr
RAM              0x20000000         0x00040000         xrw
SCRATCH_X        0x20040000         0x00001000         xrw
SCRATCH_Y        0x20041000         0x00001000         xrw
*default*        0x00000000         0xffffffff

Linker script and memory map

LOAD /usr/lib/gcc/arm-none-eabi/14.1.0/thumb/v6-m/nofp/crti.o
LOAD /usr/lib/gcc/arm-none-eabi/14.1.0/thumb/v6-m/nofp/crtbegin.o
LOAD /usr/lib/gcc/arm-none-eabi/14.1.0/../../../../arm-none-eabi/lib/thumb/v6-m/nofp/crt0.o

.flash_begin    0x10000000        0x0
                0x10000000                        __flash_binary_start = .

.boot2          0x10000000      0x100
                0x10000000                        __boot2_start__ = .
 *(.boot2)
 .boot2         0x10000000      0x100 /tmp/ccDUc0hF.o
                0x10000100                        __boot2_end__ = .
                0x00000001                        ASSERT (((__boot2_end__ - __boot2_start__) == 0x100), ERROR: Pico second stage bootloader must be 256 bytes in size)

.text           0x10000100     0x172c
                0x10000100                        __logical_binary_start = .
 *(.vectors)
 .vectors       0x10000100       0xd4 CMakeFiles/PICO_TEMPLATE.dir/usr/share/pico-sdk/src/rp2_common/pico_crt0/crt0.S.obj
                0x10000100                __vectors
                0x10000100                __VECTOR_TABLE
                0x100001c0                isr_invalid
                0x100001c0                __default_isrs_start
                0x100001c2                isr_nmi
                0x100001c4                isr_hardfault
                0x100001c6                isr_svcall
                0x100001c8                isr_pendsv
                0x100001ca                isr_systick
                0x100001cc                isr_irq30
                0x100001cc                __unhandled_user_irq
                0x100001cc                isr_irq13
                0x100001cc                isr_irq27
                0x100001cc                isr_irq31
                0x100001cc                isr_irq5
                0x100001cc                isr_irq11
                0x100001cc                isr_irq23
                0x100001cc                isr_irq18
                0x100001cc                isr_irq28
                0x100001cc                isr_irq19
                0x100001cc                isr_irq0
                0x100001cc                isr_irq6
                0x100001cc                isr_irq22
                0x100001cc                isr_irq17
                0x100001cc                isr_irq14
                0x100001cc                isr_irq2
                0x100001cc                isr_irq10
                0x100001cc                isr_irq8
                0x100001cc                isr_irq24
                0x100001cc                isr_irq1
                0x100001cc                isr_irq7
                0x100001cc                isr_irq21
                0x100001cc                isr_irq20
                0x100001cc                isr_irq15
                0x100001cc                isr_irq25
                0x100001cc                isr_irq4
                0x100001cc                isr_irq16
                0x100001cc                isr_irq29
                0x100001cc                isr_irq26
                0x100001cc                __default_isrs_end
                0x100001cc                isr_irq3
                0x100001cc                isr_irq12
                0x100001cc                isr_irq9
                0x100001d2                unhandled_user_irq_num_in_r0
 *(.binary_info_header)
 .binary_info_header
                0x100001d4       0x14 CMakeFiles/PICO_TEMPLATE.dir/usr/share/pico-sdk/src/rp2_common/pico_crt0/crt0.S.obj
                0x100001e8                        __binary_info_header_end = .
 *(.embedded_block)
                0x100001e8                        __embedded_block_end = .
 *(.reset)
 .reset         0x100001e8       0x9c CMakeFiles/PICO_TEMPLATE.dir/usr/share/pico-sdk/src/rp2_common/pico_crt0/crt0.S.obj
                0x100001e8                _entry_point
 *(.init)
 .init          0x10000284        0x4 /usr/lib/gcc/arm-none-eabi/14.1.0/thumb/v6-m/nofp/crti.o
                0x10000284                _init
 *(EXCLUDE_FILE(*libm.a: *libc.a:*lib_a-mem*.o *libgcc.a:) .text*)
 .text.frame_dummy
                0x10000288       0x20 /usr/lib/gcc/arm-none-eabi/14.1.0/thumb/v6-m/nofp/crtbegin.o
 .text.startup.main
                0x100002a8       0x28 CMakeFiles/PICO_TEMPLATE.dir/src/led.c.obj
                0x100002a8                main
 .text.gpio_init
                0x100002d0       0x40 CMakeFiles/PICO_TEMPLATE.dir/usr/share/pico-sdk/src/rp2_common/hardware_gpio/gpio.c.obj
                0x100002d0                gpio_init
 .text.panic    0x10000310       0x30 CMakeFiles/PICO_TEMPLATE.dir/usr/share/pico-sdk/src/rp2_common/pico_platform_panic/panic.c.obj
                0x10000310                panic
 .text.hw_claim_or_assert
                0x10000340       0x44 CMakeFiles/PICO_TEMPLATE.dir/usr/share/pico-sdk/src/common/hardware_claim/claim.c.obj
                0x10000340                hw_claim_or_assert
 .text.next_striped_spin_lock_num
                0x10000384       0x18 CMakeFiles/PICO_TEMPLATE.dir/usr/share/pico-sdk/src/rp2_common/hardware_sync/sync.c.obj
                0x10000384                next_striped_spin_lock_num
 .text.spin_locks_reset
                0x1000039c       0x1c CMakeFiles/PICO_TEMPLATE.dir/usr/share/pico-sdk/src/rp2_common/hardware_sync_spin_lock/sync_spin_lock.c.obj
                0x1000039c                spin_locks_reset
 .text.runtime_init_per_core_irq_priorities
                0x100003b8       0x24 CMakeFiles/PICO_TEMPLATE.dir/usr/share/pico-sdk/src/rp2_common/hardware_irq/irq.c.obj
                0x100003b8                runtime_init_per_core_irq_priorities
 .text.irq_set_enabled
                0x100003dc       0x24 CMakeFiles/PICO_TEMPLATE.dir/usr/share/pico-sdk/src/rp2_common/hardware_irq/irq.c.obj
                0x100003dc                irq_set_enabled
 .text.irq_set_exclusive_handler
                0x10000400       0x54 CMakeFiles/PICO_TEMPLATE.dir/usr/share/pico-sdk/src/rp2_common/hardware_irq/irq.c.obj
                0x10000400                irq_set_exclusive_handler
 .text.lock_init
                0x10000454       0x10 CMakeFiles/PICO_TEMPLATE.dir/usr/share/pico-sdk/src/common/pico_sync/lock_core.c.obj
                0x10000454                lock_init
 .text.runtime_init_mutex
                0x10000464       0x50 CMakeFiles/PICO_TEMPLATE.dir/usr/share/pico-sdk/src/common/pico_sync/mutex.c.obj
                0x10000464                runtime_init_mutex
 .text.sleep_until_callback
                0x100004b4       0x30 CMakeFiles/PICO_TEMPLATE.dir/usr/share/pico-sdk/src/common/pico_time/time.c.obj
 .text.alarm_pool_irq_handler
                0x100004e4      0x300 CMakeFiles/PICO_TEMPLATE.dir/usr/share/pico-sdk/src/common/pico_time/time.c.obj
 .text.runtime_init_default_alarm_pool
                0x100007e4       0xdc CMakeFiles/PICO_TEMPLATE.dir/usr/share/pico-sdk/src/common/pico_time/time.c.obj
                0x100007e4                runtime_init_default_alarm_pool
 .text.alarm_pool_add_alarm_at_force_in_context
                0x100008c0       0xb0 CMakeFiles/PICO_TEMPLATE.dir/usr/share/pico-sdk/src/common/pico_time/time.c.obj
                0x100008c0                alarm_pool_add_alarm_at_force_in_context
 .text.alarm_pool_cancel_alarm
                0x10000970       0x74 CMakeFiles/PICO_TEMPLATE.dir/usr/share/pico-sdk/src/common/pico_time/time.c.obj
                0x10000970                alarm_pool_cancel_alarm
 .text.sleep_ms
                0x100009e4       0xfc CMakeFiles/PICO_TEMPLATE.dir/usr/share/pico-sdk/src/common/pico_time/time.c.obj
                0x100009e4                sleep_ms
 .text.best_effort_wfe_or_timeout
                0x10000ae0      0x134 CMakeFiles/PICO_TEMPLATE.dir/usr/share/pico-sdk/src/common/pico_time/time.c.obj
                0x10000ae0                best_effort_wfe_or_timeout
 .text.timer_hardware_alarm_claim
                0x10000c14       0x14 CMakeFiles/PICO_TEMPLATE.dir/usr/share/pico-sdk/src/rp2_common/hardware_timer/timer.c.obj
                0x10000c14                timer_hardware_alarm_claim
 .text.timer_time_us_64
                0x10000c28       0x10 CMakeFiles/PICO_TEMPLATE.dir/usr/share/pico-sdk/src/rp2_common/hardware_timer/timer.c.obj
                0x10000c28                timer_time_us_64
 .text.time_us_64
                0x10000c38       0x14 CMakeFiles/PICO_TEMPLATE.dir/usr/share/pico-sdk/src/rp2_common/hardware_timer/timer.c.obj
                0x10000c38                time_us_64
 .text.busy_wait_until
                0x10000c4c       0x20 CMakeFiles/PICO_TEMPLATE.dir/usr/share/pico-sdk/src/rp2_common/hardware_timer/timer.c.obj
                0x10000c4c                busy_wait_until
 .text.clock_configure_int_divider
                0x10000c6c       0xf4 CMakeFiles/PICO_TEMPLATE.dir/usr/share/pico-sdk/src/rp2_common/hardware_clocks/clocks.c.obj
                0x10000c6c                clock_configure_int_divider
 .text.clock_configure_undivided
                0x10000d60       0xe8 CMakeFiles/PICO_TEMPLATE.dir/usr/share/pico-sdk/src/rp2_common/hardware_clocks/clocks.c.obj
                0x10000d60                clock_configure_undivided
 .text.clock_get_hz
                0x10000e48        0xc CMakeFiles/PICO_TEMPLATE.dir/usr/share/pico-sdk/src/rp2_common/hardware_clocks/clocks.c.obj
                0x10000e48                clock_get_hz
 .text.pll_init
                0x10000e54       0xa4 CMakeFiles/PICO_TEMPLATE.dir/usr/share/pico-sdk/src/rp2_common/hardware_pll/pll.c.obj
                0x10000e54                pll_init
 .text.tick_start
                0x10000ef8       0x10 CMakeFiles/PICO_TEMPLATE.dir/usr/share/pico-sdk/src/rp2_common/hardware_ticks/ticks.c.obj
                0x10000ef8                tick_start
 .text.xosc_init
                0x10000f08       0x28 CMakeFiles/PICO_TEMPLATE.dir/usr/share/pico-sdk/src/rp2_common/hardware_xosc/xosc.c.obj
                0x10000f08                xosc_init
 .text.first_per_core_initializer
                0x10000f30        0x4 CMakeFiles/PICO_TEMPLATE.dir/usr/share/pico-sdk/src/rp2_common/pico_runtime/runtime.c.obj
 .text.hard_assertion_failure
                0x10000f34        0xc CMakeFiles/PICO_TEMPLATE.dir/usr/share/pico-sdk/src/rp2_common/pico_runtime/runtime.c.obj
                0x10000f34                hard_assertion_failure
 .text.runtime_run_initializers
                0x10000f40       0x28 CMakeFiles/PICO_TEMPLATE.dir/usr/share/pico-sdk/src/rp2_common/pico_runtime/runtime.c.obj
                0x10000f40                runtime_run_initializers
 .text.runtime_init_early_resets
                0x10000f68       0x2c CMakeFiles/PICO_TEMPLATE.dir/usr/share/pico-sdk/src/rp2_common/pico_runtime_init/runtime_init.c.obj
                0x10000f68                runtime_init_early_resets
 .text.runtime_init_usb_power_down
                0x10000f94       0x1c CMakeFiles/PICO_TEMPLATE.dir/usr/share/pico-sdk/src/rp2_common/pico_runtime_init/runtime_init.c.obj
                0x10000f94                runtime_init_usb_power_down
 .text.runtime_init_post_clock_resets
                0x10000fb0       0x20 CMakeFiles/PICO_TEMPLATE.dir/usr/share/pico-sdk/src/rp2_common/pico_runtime_init/runtime_init.c.obj
                0x10000fb0                runtime_init_post_clock_resets
 .text.runtime_init_rp2040_gpio_ie_disable
                0x10000fd0       0x14 CMakeFiles/PICO_TEMPLATE.dir/usr/share/pico-sdk/src/rp2_common/pico_runtime_init/runtime_init.c.obj
                0x10000fd0                runtime_init_rp2040_gpio_ie_disable
 .text.runtime_init_spin_locks_reset
                0x10000fe4        0x8 CMakeFiles/PICO_TEMPLATE.dir/usr/share/pico-sdk/src/rp2_common/pico_runtime_init/runtime_init.c.obj
                0x10000fe4                runtime_init_spin_locks_reset
 .text.runtime_init_install_ram_vector_table
                0x10000fec       0x1c CMakeFiles/PICO_TEMPLATE.dir/usr/share/pico-sdk/src/rp2_common/pico_runtime_init/runtime_init.c.obj
                0x10000fec                runtime_init_install_ram_vector_table
 .text.runtime_init_clocks
                0x10001008       0xd8 CMakeFiles/PICO_TEMPLATE.dir/usr/share/pico-sdk/src/rp2_common/pico_runtime_init/runtime_init_clocks.c.obj
                0x10001008                runtime_init_clocks
 .text          0x100010e0       0x10 CMakeFiles/PICO_TEMPLATE.dir/usr/share/pico-sdk/src/rp2_common/pico_bit_ops/bit_ops_aeabi.S.obj
 .text.rom_func_lookup
                0x100010f0       0x10 CMakeFiles/PICO_TEMPLATE.dir/usr/share/pico-sdk/src/rp2_common/pico_bootrom/bootrom.c.obj
                0x100010f0                rom_func_lookup
 .text.rom_data_lookup
                0x10001100       0x10 CMakeFiles/PICO_TEMPLATE.dir/usr/share/pico-sdk/src/rp2_common/pico_bootrom/bootrom.c.obj
                0x10001100                rom_data_lookup
 .text.rom_funcs_lookup
                0x10001110       0x44 CMakeFiles/PICO_TEMPLATE.dir/usr/share/pico-sdk/src/rp2_common/pico_bootrom/bootrom.c.obj
                0x10001110                rom_funcs_lookup
 .text.__wrap___aeabi_uidiv
                0x10001154       0x4c CMakeFiles/PICO_TEMPLATE.dir/usr/share/pico-sdk/src/rp2_common/pico_divider/divider_hardware.S.obj
                0x10001154                __wrap___aeabi_uidiv
                0x10001154                __wrap___aeabi_uidivmod
                0x10001154                div_u32u32
                0x10001154                divmod_u32u32
                0x1000115c                divmod_u32u32_unsafe
                0x10001184                divmod_u32u32_savestate
 .text.__aeabi_double_init
                0x100011a0       0xa4 CMakeFiles/PICO_TEMPLATE.dir/usr/share/pico-sdk/src/rp2_common/pico_double/double_init_rom_rp2040.c.obj
                0x100011a0                __aeabi_double_init
 .text.double_table_shim_on_use_helper
                0x10001244       0x2c CMakeFiles/PICO_TEMPLATE.dir/usr/share/pico-sdk/src/rp2_common/pico_double/double_v1_rom_shim_rp2040.S.obj
                0x10001244                double_table_shim_on_use_helper
 .text.__aeabi_lmul
                0x10001270       0x32 CMakeFiles/PICO_TEMPLATE.dir/usr/share/pico-sdk/src/rp2_common/pico_int64_ops/pico_int64_ops_aeabi.S.obj
                0x10001270                __wrap___aeabi_lmul
 *fill*         0x100012a2        0x2 
 .text.__aeabi_float_init
                0x100012a4       0x64 CMakeFiles/PICO_TEMPLATE.dir/usr/share/pico-sdk/src/rp2_common/pico_float/float_init_rom_rp2040.c.obj
                0x100012a4                __aeabi_float_init
 .text.float_table_shim_on_use_helper
                0x10001308       0x2c CMakeFiles/PICO_TEMPLATE.dir/usr/share/pico-sdk/src/rp2_common/pico_float/float_v1_rom_shim_rp2040.S.obj
                0x10001308                float_table_shim_on_use_helper
 .text          0x10001334       0x10 CMakeFiles/PICO_TEMPLATE.dir/usr/share/pico-sdk/src/rp2_common/pico_mem_ops/mem_ops_aeabi.S.obj
                0x10001334                __aeabi_mem_init
 .text.memcpy   0x10001344        0xc CMakeFiles/PICO_TEMPLATE.dir/usr/share/pico-sdk/src/rp2_common/pico_mem_ops/mem_ops_aeabi.S.obj
                0x10001344                __wrap___aeabi_memcpy
                0x10001344                __wrap_memcpy
 .text._out_char
                0x10001350       0x10 CMakeFiles/PICO_TEMPLATE.dir/usr/share/pico-sdk/src/rp2_common/pico_printf/printf.c.obj
 .text.weak_raw_vprintf
                0x10001360       0x30 CMakeFiles/PICO_TEMPLATE.dir/usr/share/pico-sdk/src/rp2_common/pico_printf/printf.c.obj
                0x10001360                weak_raw_vprintf
 .text._exit    0x10001390        0x4 CMakeFiles/PICO_TEMPLATE.dir/usr/share/pico-sdk/src/rp2_common/pico_clib_interface/newlib_interface.c.obj
                0x10001390                _exit
 .text.exit     0x10001394        0x8 CMakeFiles/PICO_TEMPLATE.dir/usr/share/pico-sdk/src/rp2_common/pico_clib_interface/newlib_interface.c.obj
                0x10001394                exit
 .text.runtime_init
                0x1000139c       0x2c CMakeFiles/PICO_TEMPLATE.dir/usr/share/pico-sdk/src/rp2_common/pico_clib_interface/newlib_interface.c.obj
                0x1000139c                runtime_init
 .text.stdio_out_chars_no_crlf
                0x100013c8       0x10 CMakeFiles/PICO_TEMPLATE.dir/usr/share/pico-sdk/src/rp2_common/pico_stdio/stdio.c.obj
 .text.stdio_out_chars_crlf
                0x100013d8       0xb0 CMakeFiles/PICO_TEMPLATE.dir/usr/share/pico-sdk/src/rp2_common/pico_stdio/stdio.c.obj
 .text.stdio_put_string
                0x10001488       0xfc CMakeFiles/PICO_TEMPLATE.dir/usr/share/pico-sdk/src/rp2_common/pico_stdio/stdio.c.obj
                0x10001488                stdio_put_string
 .text.__wrap_putchar
                0x10001584       0x94 CMakeFiles/PICO_TEMPLATE.dir/usr/share/pico-sdk/src/rp2_common/pico_stdio/stdio.c.obj
                0x10001584                stdio_putchar
                0x10001584                __wrap_putchar
 .text.__wrap_puts
                0x10001618       0x3c CMakeFiles/PICO_TEMPLATE.dir/usr/share/pico-sdk/src/rp2_common/pico_stdio/stdio.c.obj
                0x10001618                __wrap_puts
                0x10001618                stdio_puts
 .text.atexit   0x10001654       0x10 /usr/lib/gcc/arm-none-eabi/14.1.0/../../../../arm-none-eabi/lib/thumb/v6-m/nofp/libg.a(libc_a-atexit.o)
                0x10001654                atexit
 .text.__libc_fini_array
                0x10001664       0x28 /usr/lib/gcc/arm-none-eabi/14.1.0/../../../../arm-none-eabi/lib/thumb/v6-m/nofp/libg.a(libc_a-fini.o)
                0x10001664                __libc_fini_array
 .text.__retarget_lock_acquire_recursive
                0x1000168c        0x4 /usr/lib/gcc/arm-none-eabi/14.1.0/../../../../arm-none-eabi/lib/thumb/v6-m/nofp/libg.a(libc_a-lock.o)
                0x1000168c                __retarget_lock_acquire_recursive
 .text.__retarget_lock_release_recursive
                0x10001690        0x4 /usr/lib/gcc/arm-none-eabi/14.1.0/../../../../arm-none-eabi/lib/thumb/v6-m/nofp/libg.a(libc_a-lock.o)
                0x10001690                __retarget_lock_release_recursive
 .text.strlen   0x10001694       0x5c /usr/lib/gcc/arm-none-eabi/14.1.0/../../../../arm-none-eabi/lib/thumb/v6-m/nofp/libg.a(libc_a-strlen-stub.o)
                0x10001694                strlen
 .text.__register_exitproc
                0x100016f0       0xa8 /usr/lib/gcc/arm-none-eabi/14.1.0/../../../../arm-none-eabi/lib/thumb/v6-m/nofp/libg.a(libc_a-__atexit.o)
                0x100016f0                __register_exitproc
 .text.startup.register_fini
                0x10001798       0x18 /usr/lib/gcc/arm-none-eabi/14.1.0/../../../../arm-none-eabi/lib/thumb/v6-m/nofp/libg.a(libc_a-__call_atexit.o)
 *(.fini)
 .fini          0x100017b0        0x4 /usr/lib/gcc/arm-none-eabi/14.1.0/thumb/v6-m/nofp/crti.o
                0x100017b0                _fini
 *fill*         0x100017b4        0x4 
 .fini.__stub   0x100017b8       0x30 linker stubs
 *crtbegin.o(.ctors)
 *crtbegin?.o(.ctors)
 *(EXCLUDE_FILE(*crtend.o *crtend?.o) .ctors)
 *(SORT_BY_NAME(.ctors.*))
 *(.ctors)
 *crtbegin.o(.dtors)
 *crtbegin?.o(.dtors)
 *(EXCLUDE_FILE(*crtend.o *crtend?.o) .dtors)
 *(SORT_BY_NAME(.dtors.*))
 *(.dtors)
                0x100017e8                        . = ALIGN (0x4)
                0x100017e8                        PROVIDE (__preinit_array_start = .)
 *(SORT_BY_NAME(.preinit_array.*))
 .preinit_array.00100
                0x100017e8        0x4 CMakeFiles/PICO_TEMPLATE.dir/usr/share/pico-sdk/src/rp2_common/pico_runtime_init/runtime_init.c.obj
                0x100017e8                __pre_init_runtime_init_early_resets
 .preinit_array.00101
                0x100017ec        0x4 CMakeFiles/PICO_TEMPLATE.dir/usr/share/pico-sdk/src/rp2_common/pico_runtime_init/runtime_init.c.obj
                0x100017ec                __pre_init_runtime_init_usb_power_down
 .preinit_array.00275
                0x100017f0        0x4 CMakeFiles/PICO_TEMPLATE.dir/usr/share/pico-sdk/src/rp2_common/pico_bit_ops/bit_ops_aeabi.S.obj
 .preinit_array.00300
                0x100017f4        0x4 CMakeFiles/PICO_TEMPLATE.dir/usr/share/pico-sdk/src/rp2_common/pico_mem_ops/mem_ops_aeabi.S.obj
 .preinit_array.00350
                0x100017f8        0x4 CMakeFiles/PICO_TEMPLATE.dir/usr/share/pico-sdk/src/rp2_common/pico_double/double_aeabi_rp2040.S.obj
 .preinit_array.00350
                0x100017fc        0x4 CMakeFiles/PICO_TEMPLATE.dir/usr/share/pico-sdk/src/rp2_common/pico_float/float_aeabi_rp2040.S.obj
 .preinit_array.00500
                0x10001800        0x4 CMakeFiles/PICO_TEMPLATE.dir/usr/share/pico-sdk/src/rp2_common/pico_runtime_init/runtime_init.c.obj
                0x10001800                __pre_init_runtime_init_clocks
 .preinit_array.00600
                0x10001804        0x4 CMakeFiles/PICO_TEMPLATE.dir/usr/share/pico-sdk/src/rp2_common/pico_runtime_init/runtime_init.c.obj
                0x10001804                __pre_init_runtime_init_post_clock_resets
 .preinit_array.00700
                0x10001808        0x4 CMakeFiles/PICO_TEMPLATE.dir/usr/share/pico-sdk/src/rp2_common/pico_runtime_init/runtime_init.c.obj
                0x10001808                __pre_init_runtime_init_rp2040_gpio_ie_disable
 .preinit_array.01000
                0x1000180c        0x4 CMakeFiles/PICO_TEMPLATE.dir/usr/share/pico-sdk/src/rp2_common/pico_runtime_init/runtime_init.c.obj
                0x1000180c                __pre_init_runtime_init_spin_locks_reset
 .preinit_array.01100
                0x10001810        0x4 CMakeFiles/PICO_TEMPLATE.dir/usr/share/pico-sdk/src/common/pico_sync/mutex.c.obj
                0x10001810                __pre_init_runtime_init_mutex
 .preinit_array.10080
                0x10001814        0x4 CMakeFiles/PICO_TEMPLATE.dir/usr/share/pico-sdk/src/rp2_common/pico_runtime_init/runtime_init.c.obj
                0x10001814                __pre_init_runtime_init_install_ram_vector_table
 .preinit_array.11000
                0x10001818        0x4 CMakeFiles/PICO_TEMPLATE.dir/usr/share/pico-sdk/src/common/pico_time/time.c.obj
                0x10001818                __pre_init_runtime_init_default_alarm_pool
 .preinit_array.YYYYY
                0x1000181c        0x4 CMakeFiles/PICO_TEMPLATE.dir/usr/share/pico-sdk/src/rp2_common/pico_runtime/runtime.c.obj
                0x1000181c                __pre_init_first_per_core_initializer
 .preinit_array.ZZZZZ.01200
                0x10001820        0x4 CMakeFiles/PICO_TEMPLATE.dir/usr/share/pico-sdk/src/rp2_common/hardware_irq/irq.c.obj
                0x10001820                __pre_init_runtime_init_per_core_irq_priorities
 *(.preinit_array)
                0x10001824                        PROVIDE (__preinit_array_end = .)
                0x10001824                        . = ALIGN (0x4)
                0x10001824                        PROVIDE (__init_array_start = .)
 *(SORT_BY_NAME(.init_array.*))
 .init_array.00000
                0x10001824        0x4 /usr/lib/gcc/arm-none-eabi/14.1.0/../../../../arm-none-eabi/lib/thumb/v6-m/nofp/libg.a(libc_a-__call_atexit.o)
 *(.init_array)
 .init_array    0x10001828        0x4 /usr/lib/gcc/arm-none-eabi/14.1.0/thumb/v6-m/nofp/crtbegin.o
                0x1000182c                        PROVIDE (__init_array_end = .)
                0x1000182c                        . = ALIGN (0x4)
                0x1000182c                        PROVIDE (__fini_array_start = .)
 *(SORT_BY_NAME(.fini_array.*))
 *(.fini_array)
                0x1000182c                        PROVIDE (__fini_array_end = .)
 *(.eh_frame*)
 .eh_frame      0x1000182c        0x0 /usr/lib/gcc/arm-none-eabi/14.1.0/thumb/v6-m/nofp/crtbegin.o
                0x1000182c                        . = ALIGN (0x4)

.glue_7         0x1000182c        0x0
 .glue_7        0x1000182c        0x0 linker stubs

.glue_7t        0x1000182c        0x0
 .glue_7t       0x1000182c        0x0 linker stubs

.vfp11_veneer   0x1000182c        0x0
 .vfp11_veneer  0x1000182c        0x0 linker stubs

.v4_bx          0x1000182c        0x0
 .v4_bx         0x1000182c        0x0 linker stubs

.iplt           0x1000182c        0x0
 .iplt          0x1000182c        0x0 /usr/lib/gcc/arm-none-eabi/14.1.0/thumb/v6-m/nofp/crtbegin.o

.rodata         0x1000182c       0xc4
 *(EXCLUDE_FILE(*libm.a: *libc.a:*lib_a-mem*.o *libgcc.a:) .rodata*)
 .rodata.panic.str1.4
                0x1000182c       0x78 CMakeFiles/PICO_TEMPLATE.dir/usr/share/pico-sdk/src/rp2_common/pico_platform_panic/panic.c.obj
                                 0x12 (size before relaxing)
 .rodata.timer_hardware_alarm_claim.str1.4
                0x100018a4       0x22 CMakeFiles/PICO_TEMPLATE.dir/usr/share/pico-sdk/src/rp2_common/hardware_timer/timer.c.obj
 .rodata.hard_assertion_failure.str1.4
                0x100018a4        0xc CMakeFiles/PICO_TEMPLATE.dir/usr/share/pico-sdk/src/rp2_common/pico_runtime/runtime.c.obj
 .rodata.str1.4
                0x100018a4       0x34 CMakeFiles/PICO_TEMPLATE.dir/usr/share/pico-sdk/src/rp2_common/pico_standard_binary_info/standard_binary_info.c.obj
 .rodata.__bi_84
                0x100018a4        0xc CMakeFiles/PICO_TEMPLATE.dir/usr/share/pico-sdk/src/rp2_common/pico_standard_binary_info/standard_binary_info.c.obj
 .rodata.__bi_54
                0x100018b0        0xc CMakeFiles/PICO_TEMPLATE.dir/usr/share/pico-sdk/src/rp2_common/pico_standard_binary_info/standard_binary_info.c.obj
 .rodata.__bi_48
                0x100018bc        0xc CMakeFiles/PICO_TEMPLATE.dir/usr/share/pico-sdk/src/rp2_common/pico_standard_binary_info/standard_binary_info.c.obj
 .rodata.__bi_42
                0x100018c8        0xc CMakeFiles/PICO_TEMPLATE.dir/usr/share/pico-sdk/src/rp2_common/pico_standard_binary_info/standard_binary_info.c.obj
 .rodata.__bi_34
                0x100018d4        0xc CMakeFiles/PICO_TEMPLATE.dir/usr/share/pico-sdk/src/rp2_common/pico_standard_binary_info/standard_binary_info.c.obj
 .rodata.__bi_26
                0x100018e0        0xc CMakeFiles/PICO_TEMPLATE.dir/usr/share/pico-sdk/src/rp2_common/pico_standard_binary_info/standard_binary_info.c.obj
 .rodata.crlf_str.0
                0x100018ec        0x2 CMakeFiles/PICO_TEMPLATE.dir/usr/share/pico-sdk/src/rp2_common/pico_stdio/stdio.c.obj
                0x100018f0                        . = ALIGN (0x4)
 *fill*         0x100018ee        0x2 
 *(SORT_BY_ALIGNMENT(SORT_BY_NAME(.flashdata*)))
                0x100018f0                        . = ALIGN (0x4)

.ARM.extab
 *(.ARM.extab* .gnu.linkonce.armextab.*)
                0x100018f0                        __exidx_start = .

.ARM.exidx
 *(.ARM.exidx* .gnu.linkonce.armexidx.*)
                0x100018f0                        __exidx_end = .
                0x100018f0                        . = ALIGN (0x4)
                0x100018f0                        __binary_info_start = .

.binary_info    0x100018f0       0x18
 *(.binary_info.keep.*)
 .binary_info.keep.__bi_ptr84
                0x100018f0        0x4 CMakeFiles/PICO_TEMPLATE.dir/usr/share/pico-sdk/src/rp2_common/pico_standard_binary_info/standard_binary_info.c.obj
 .binary_info.keep.__bi_ptr54
                0x100018f4        0x4 CMakeFiles/PICO_TEMPLATE.dir/usr/share/pico-sdk/src/rp2_common/pico_standard_binary_info/standard_binary_info.c.obj
 .binary_info.keep.__bi_ptr48
                0x100018f8        0x4 CMakeFiles/PICO_TEMPLATE.dir/usr/share/pico-sdk/src/rp2_common/pico_standard_binary_info/standard_binary_info.c.obj
 .binary_info.keep.__bi_ptr42
                0x100018fc        0x4 CMakeFiles/PICO_TEMPLATE.dir/usr/share/pico-sdk/src/rp2_common/pico_standard_binary_info/standard_binary_info.c.obj
 .binary_info.keep.__bi_ptr34
                0x10001900        0x4 CMakeFiles/PICO_TEMPLATE.dir/usr/share/pico-sdk/src/rp2_common/pico_standard_binary_info/standard_binary_info.c.obj
 .binary_info.keep.__bi_ptr26
                0x10001904        0x4 CMakeFiles/PICO_TEMPLATE.dir/usr/share/pico-sdk/src/rp2_common/pico_standard_binary_info/standard_binary_info.c.obj
 *(.binary_info.*)
                0x10001908                        __binary_info_end = .

.rel.dyn        0x10001908        0x0
 .rel.iplt      0x10001908        0x0 /usr/lib/gcc/arm-none-eabi/14.1.0/thumb/v6-m/nofp/crtbegin.o
                0x10001908                        . = ALIGN (0x4)

.ram_vector_table
                0x20000000       0xc0
 *(.ram_vector_table)
 .ram_vector_table
                0x20000000       0xc0 CMakeFiles/PICO_TEMPLATE.dir/usr/share/pico-sdk/src/rp2_common/pico_runtime_init/runtime_init.c.obj
                0x20000000                ram_vector_table

.uninitialized_data
                0x200000c0        0x0
                0x200000c0                        . = ALIGN (0x4)
 *(.uninitialized_data*)

.data           0x200000c0      0x12c load address 0x10001908
                0x200000c0                        __data_start__ = .
 *(vtable)
 *(.time_critical*)
 .time_critical.mutex_try_enter_block_until
                0x200000c0       0x98 CMakeFiles/PICO_TEMPLATE.dir/usr/share/pico-sdk/src/common/pico_sync/mutex.c.obj
                0x200000c0                mutex_try_enter_block_until
 .time_critical.mutex_exit
                0x20000158       0x28 CMakeFiles/PICO_TEMPLATE.dir/usr/share/pico-sdk/src/common/pico_sync/mutex.c.obj
                0x20000158                mutex_exit
 *(.text*)
 .text          0x20000180        0x4 /usr/lib/gcc/arm-none-eabi/14.1.0/thumb/v6-m/nofp/libgcc.a(_dvmd_tls.o)
                0x20000180                __aeabi_ldiv0
                0x20000180                __aeabi_idiv0
 *fill*         0x20000184        0x4 
 .text.__stub   0x20000188       0x10 linker stubs
                0x20000198                        . = ALIGN (0x4)
 *(.rodata*)
                0x20000198                        . = ALIGN (0x4)
 *(.data*)
 .data.striped_spin_lock_num
                0x20000198        0x1 CMakeFiles/PICO_TEMPLATE.dir/usr/share/pico-sdk/src/rp2_common/hardware_sync/sync.c.obj
 *fill*         0x20000199        0x3 
 .data.default_alarm_pool
                0x2000019c       0x18 CMakeFiles/PICO_TEMPLATE.dir/usr/share/pico-sdk/src/common/pico_time/time.c.obj
 *fill*         0x200001b4        0xc 
 .data.aeabi_bits_funcs
                0x200001c0       0x10 CMakeFiles/PICO_TEMPLATE.dir/usr/share/pico-sdk/src/rp2_common/pico_bit_ops/bit_ops_aeabi.S.obj
                0x200001c0                aeabi_bits_funcs
                0x200001d0                aeabi_bits_funcs_end
 .data.aeabi_mem_funcs
                0x200001d0       0x10 CMakeFiles/PICO_TEMPLATE.dir/usr/share/pico-sdk/src/rp2_common/pico_mem_ops/mem_ops_aeabi.S.obj
                0x200001d0                aeabi_mem_funcs
                0x200001e0                aeabi_mem_funcs_end
 .data.__atexit_recursive_mutex
                0x200001e0        0x4 /usr/lib/gcc/arm-none-eabi/14.1.0/../../../../arm-none-eabi/lib/thumb/v6-m/nofp/libg.a(libc_a-__call_atexit.o)
                0x200001e0                __atexit_recursive_mutex
                0x200001e4                        . = ALIGN (0x4)
 *(.after_data.*)
                0x200001e4                        . = ALIGN (0x4)
                0x200001e4                        PROVIDE (__mutex_array_start = .)
 *(SORT_BY_NAME(.mutex_array.*))
 *(.mutex_array)
 .mutex_array   0x200001e4        0x8 CMakeFiles/PICO_TEMPLATE.dir/usr/share/pico-sdk/src/rp2_common/pico_stdio/stdio.c.obj
                0x200001ec                        PROVIDE (__mutex_array_end = .)
                0x200001ec                        . = ALIGN (0x4)
 *(.jcr)
                0x200001ec                        . = ALIGN (0x4)

.igot.plt       0x200001ec        0x0 load address 0x10001a34
 .igot.plt      0x200001ec        0x0 /usr/lib/gcc/arm-none-eabi/14.1.0/thumb/v6-m/nofp/crtbegin.o

.tdata          0x200001ec        0x0 load address 0x10001a34
                0x200001ec                        . = ALIGN (0x4)
 *(.tdata .tdata.* .gnu.linkonce.td.*)
                0x200001ec                        __tdata_end = .
                0x200001ec                        PROVIDE (__data_end__ = .)
                0x10001908                        __etext = LOADADDR (.data)

.tbss           0x200001ec        0x0 load address 0x10001a34
                0x200001ec                        . = ALIGN (0x4)
                0x200001ec                        __bss_start__ = .
                0x200001ec                        __tls_base = .
 *(.tbss .tbss.* .gnu.linkonce.tb.*)
 *(.tcommon)
                0x200001ec                        __tls_end = .

.bss            0x200001f0      0x580 load address 0x10001a34
                0x200001f0                        . = ALIGN (0x4)
                0x200001f0                        __tbss_end = .
 *(SORT_BY_ALIGNMENT(SORT_BY_NAME(.bss*)))
 .bss.default_alarm_pool_entries
                0x200001f0      0x180 CMakeFiles/PICO_TEMPLATE.dir/usr/share/pico-sdk/src/common/pico_time/time.c.obj
 .bss.sd_table  0x20000370      0x100 CMakeFiles/PICO_TEMPLATE.dir/usr/share/pico-sdk/src/rp2_common/pico_double/double_init_rom_rp2040.c.obj
                0x20000370                sd_table
 .bss.sf_table  0x20000470      0x100 CMakeFiles/PICO_TEMPLATE.dir/usr/share/pico-sdk/src/rp2_common/pico_float/float_init_rom_rp2040.c.obj
                0x20000470                sf_table
 .bss.__atexit  0x20000570        0x4 /usr/lib/gcc/arm-none-eabi/14.1.0/../../../../arm-none-eabi/lib/thumb/v6-m/nofp/libg.a(libc_a-__call_atexit.o)
                0x20000570                __atexit
 .bss.__atexit0
                0x20000574      0x190 /usr/lib/gcc/arm-none-eabi/14.1.0/../../../../arm-none-eabi/lib/thumb/v6-m/nofp/libg.a(libc_a-__atexit.o)
                0x20000574                __atexit0
 .bss.__lock___atexit_recursive_mutex
                0x20000704        0x1 /usr/lib/gcc/arm-none-eabi/14.1.0/../../../../arm-none-eabi/lib/thumb/v6-m/nofp/libg.a(libc_a-lock.o)
                0x20000704                __lock___atexit_recursive_mutex
 *fill*         0x20000705        0x3 
 .bss.claimed   0x20000708        0x1 CMakeFiles/PICO_TEMPLATE.dir/usr/share/pico-sdk/src/rp2_common/hardware_timer/timer.c.obj
 *fill*         0x20000709        0x3 
 .bss.configured_freq
                0x2000070c       0x28 CMakeFiles/PICO_TEMPLATE.dir/usr/share/pico-sdk/src/rp2_common/hardware_clocks/clocks.c.obj
 .bss.drivers   0x20000734        0x4 CMakeFiles/PICO_TEMPLATE.dir/usr/share/pico-sdk/src/rp2_common/pico_stdio/stdio.c.obj
 .bss.filter    0x20000738        0x4 CMakeFiles/PICO_TEMPLATE.dir/usr/share/pico-sdk/src/rp2_common/pico_stdio/stdio.c.obj
 .bss.lazy_vsnprintf
                0x2000073c        0x4 CMakeFiles/PICO_TEMPLATE.dir/usr/share/pico-sdk/src/rp2_common/pico_printf/printf.c.obj
 .bss.object.0  0x20000740       0x18 /usr/lib/gcc/arm-none-eabi/14.1.0/thumb/v6-m/nofp/crtbegin.o
 .bss.pools     0x20000758       0x10 CMakeFiles/PICO_TEMPLATE.dir/usr/share/pico-sdk/src/common/pico_time/time.c.obj
 .bss.sf_clz_func
                0x20000768        0x4 CMakeFiles/PICO_TEMPLATE.dir/usr/share/pico-sdk/src/rp2_common/pico_double/double_init_rom_rp2040.c.obj
                0x20000768                sf_clz_func
 .bss.sleep_notifier
                0x2000076c        0x4 CMakeFiles/PICO_TEMPLATE.dir/usr/share/pico-sdk/src/common/pico_time/time.c.obj
 *(COMMON)
                0x20000770                        . = ALIGN (0x4)
                0x20000770                        __bss_end__ = .

.heap           0x20000770    0x3f890 load address 0x10001a34
                0x20000770                        __end__ = .
                0x20000770                        end = __end__
 *(.heap*)
 .heap          0x20000770      0x800 CMakeFiles/PICO_TEMPLATE.dir/usr/share/pico-sdk/src/rp2_common/pico_crt0/crt0.S.obj
                0x20040000                        . = (ORIGIN (RAM) + LENGTH (RAM))
 *fill*         0x20000f70    0x3f090 
                0x20040000                        __HeapLimit = .

.scratch_x      0x20040000        0x0 load address 0x10001a34
                0x20040000                        __scratch_x_start__ = .
 *(.scratch_x.*)
                0x20040000                        . = ALIGN (0x4)
                0x20040000                        __scratch_x_end__ = .
                0x10001a34                        __scratch_x_source__ = LOADADDR (.scratch_x)

.scratch_y      0x20041000        0x0 load address 0x10001a34
                0x20041000                        __scratch_y_start__ = .
 *(.scratch_y.*)
                0x20041000                        . = ALIGN (0x4)
                0x20041000                        __scratch_y_end__ = .
                0x10001a34                        __scratch_y_source__ = LOADADDR (.scratch_y)

.stack1_dummy
 *(.stack1*)

.stack_dummy    0x20041000      0x800
 *(.stack*)
 .stack         0x20041000      0x800 CMakeFiles/PICO_TEMPLATE.dir/usr/share/pico-sdk/src/rp2_common/pico_crt0/crt0.S.obj

.flash_end      0x10001a34        0x0
 *(.embedded_end_block*)
                0x10001a34                        PROVIDE (__flash_binary_end = .)
                0x20040000                        __StackLimit = (ORIGIN (RAM) + LENGTH (RAM))
                0x20041000                        __StackOneTop = (ORIGIN (SCRATCH_X) + LENGTH (SCRATCH_X))
                0x20042000                        __StackTop = (ORIGIN (SCRATCH_Y) + LENGTH (SCRATCH_Y))
                0x20041000                        __StackOneBottom = (__StackOneTop - SIZEOF (.stack1_dummy))
                0x20041800                        __StackBottom = (__StackTop - SIZEOF (.stack_dummy))
                0x20042000                        PROVIDE (__stack = __StackTop)
                [!provide]                        PROVIDE (__heap_start = __end__)
                [!provide]                        PROVIDE (__heap_end = __HeapLimit)
                [!provide]                        PROVIDE (__tls_align = MAX (ALIGNOF (.tdata), ALIGNOF (.tbss)))
                [!provide]                        PROVIDE (__tls_size_align = (((__tls_size + __tls_align) - 0x1) & ~ ((__tls_align - 0x1))))
                [!provide]                        PROVIDE (__arm32_tls_tcb_offset = MAX (0x8, __tls_align))
                [!provide]                        PROVIDE (_end = __end__)
                [!provide]                        PROVIDE (__llvm_libc_heap_limit = __HeapLimit)
                0x00000001                        ASSERT ((__StackLimit >= __HeapLimit), region RAM overflowed)
                0x00000001                        ASSERT (((__binary_info_header_end - __logical_binary_start) <= 0x100), Binary info must be in first 256 bytes of the binary)
LOAD CMakeFiles/PICO_TEMPLATE.dir/src/led.c.obj
LOAD CMakeFiles/PICO_TEMPLATE.dir/usr/share/pico-sdk/src/rp2_common/pico_stdlib/stdlib.c.obj
LOAD CMakeFiles/PICO_TEMPLATE.dir/usr/share/pico-sdk/src/rp2_common/hardware_gpio/gpio.c.obj
LOAD CMakeFiles/PICO_TEMPLATE.dir/usr/share/pico-sdk/src/rp2040/pico_platform/platform.c.obj
LOAD CMakeFiles/PICO_TEMPLATE.dir/usr/share/pico-sdk/src/rp2_common/pico_platform_panic/panic.c.obj
LOAD CMakeFiles/PICO_TEMPLATE.dir/usr/share/pico-sdk/src/common/hardware_claim/claim.c.obj
LOAD CMakeFiles/PICO_TEMPLATE.dir/usr/share/pico-sdk/src/rp2_common/hardware_sync/sync.c.obj
LOAD CMakeFiles/PICO_TEMPLATE.dir/usr/share/pico-sdk/src/rp2_common/hardware_sync_spin_lock/sync_spin_lock.c.obj
LOAD CMakeFiles/PICO_TEMPLATE.dir/usr/share/pico-sdk/src/rp2_common/hardware_irq/irq.c.obj
LOAD CMakeFiles/PICO_TEMPLATE.dir/usr/share/pico-sdk/src/rp2_common/hardware_irq/irq_handler_chain.S.obj
LOAD CMakeFiles/PICO_TEMPLATE.dir/usr/share/pico-sdk/src/common/pico_sync/sem.c.obj
LOAD CMakeFiles/PICO_TEMPLATE.dir/usr/share/pico-sdk/src/common/pico_sync/lock_core.c.obj
LOAD CMakeFiles/PICO_TEMPLATE.dir/usr/share/pico-sdk/src/common/pico_sync/mutex.c.obj
LOAD CMakeFiles/PICO_TEMPLATE.dir/usr/share/pico-sdk/src/common/pico_sync/critical_section.c.obj
LOAD CMakeFiles/PICO_TEMPLATE.dir/usr/share/pico-sdk/src/common/pico_time/time.c.obj
LOAD CMakeFiles/PICO_TEMPLATE.dir/usr/share/pico-sdk/src/common/pico_time/timeout_helper.c.obj
LOAD CMakeFiles/PICO_TEMPLATE.dir/usr/share/pico-sdk/src/rp2_common/hardware_timer/timer.c.obj
LOAD CMakeFiles/PICO_TEMPLATE.dir/usr/share/pico-sdk/src/common/pico_util/datetime.c.obj
LOAD CMakeFiles/PICO_TEMPLATE.dir/usr/share/pico-sdk/src/common/pico_util/pheap.c.obj
LOAD CMakeFiles/PICO_TEMPLATE.dir/usr/share/pico-sdk/src/common/pico_util/queue.c.obj
LOAD CMakeFiles/PICO_TEMPLATE.dir/usr/share/pico-sdk/src/rp2_common/hardware_uart/uart.c.obj
LOAD CMakeFiles/PICO_TEMPLATE.dir/usr/share/pico-sdk/src/rp2_common/hardware_clocks/clocks.c.obj
LOAD CMakeFiles/PICO_TEMPLATE.dir/usr/share/pico-sdk/src/rp2_common/hardware_pll/pll.c.obj
LOAD CMakeFiles/PICO_TEMPLATE.dir/usr/share/pico-sdk/src/rp2_common/hardware_vreg/vreg.c.obj
LOAD CMakeFiles/PICO_TEMPLATE.dir/usr/share/pico-sdk/src/rp2_common/hardware_watchdog/watchdog.c.obj
LOAD CMakeFiles/PICO_TEMPLATE.dir/usr/share/pico-sdk/src/rp2_common/hardware_ticks/ticks.c.obj
LOAD CMakeFiles/PICO_TEMPLATE.dir/usr/share/pico-sdk/src/rp2_common/hardware_xosc/xosc.c.obj
LOAD CMakeFiles/PICO_TEMPLATE.dir/usr/share/pico-sdk/src/rp2_common/hardware_divider/divider.S.obj
LOAD CMakeFiles/PICO_TEMPLATE.dir/usr/share/pico-sdk/src/rp2_common/pico_runtime/runtime.c.obj
LOAD CMakeFiles/PICO_TEMPLATE.dir/usr/share/pico-sdk/src/rp2_common/pico_runtime_init/runtime_init.c.obj
LOAD CMakeFiles/PICO_TEMPLATE.dir/usr/share/pico-sdk/src/rp2_common/pico_runtime_init/runtime_init_clocks.c.obj
LOAD CMakeFiles/PICO_TEMPLATE.dir/usr/share/pico-sdk/src/rp2_common/pico_runtime_init/runtime_init_stack_guard.c.obj
LOAD CMakeFiles/PICO_TEMPLATE.dir/usr/share/pico-sdk/src/rp2_common/pico_bit_ops/bit_ops_aeabi.S.obj
LOAD CMakeFiles/PICO_TEMPLATE.dir/usr/share/pico-sdk/src/rp2_common/pico_bootrom/bootrom.c.obj
LOAD CMakeFiles/PICO_TEMPLATE.dir/usr/share/pico-sdk/src/rp2_common/pico_bootrom/bootrom_lock.c.obj
LOAD CMakeFiles/PICO_TEMPLATE.dir/usr/share/pico-sdk/src/rp2_common/hardware_boot_lock/boot_lock.c.obj
LOAD CMakeFiles/PICO_TEMPLATE.dir/usr/share/pico-sdk/src/rp2_common/pico_divider/divider_hardware.S.obj
LOAD CMakeFiles/PICO_TEMPLATE.dir/usr/share/pico-sdk/src/rp2_common/pico_double/double_aeabi_rp2040.S.obj
LOAD CMakeFiles/PICO_TEMPLATE.dir/usr/share/pico-sdk/src/rp2_common/pico_double/double_init_rom_rp2040.c.obj
LOAD CMakeFiles/PICO_TEMPLATE.dir/usr/share/pico-sdk/src/rp2_common/pico_double/double_math.c.obj
LOAD CMakeFiles/PICO_TEMPLATE.dir/usr/share/pico-sdk/src/rp2_common/pico_double/double_v1_rom_shim_rp2040.S.obj
LOAD CMakeFiles/PICO_TEMPLATE.dir/usr/share/pico-sdk/src/rp2_common/pico_int64_ops/pico_int64_ops_aeabi.S.obj
LOAD CMakeFiles/PICO_TEMPLATE.dir/usr/share/pico-sdk/src/rp2_common/pico_float/float_aeabi_rp2040.S.obj
LOAD CMakeFiles/PICO_TEMPLATE.dir/usr/share/pico-sdk/src/rp2_common/pico_float/float_init_rom_rp2040.c.obj
LOAD CMakeFiles/PICO_TEMPLATE.dir/usr/share/pico-sdk/src/rp2_common/pico_float/float_math.c.obj
LOAD CMakeFiles/PICO_TEMPLATE.dir/usr/share/pico-sdk/src/rp2_common/pico_float/float_v1_rom_shim_rp2040.S.obj
LOAD CMakeFiles/PICO_TEMPLATE.dir/usr/share/pico-sdk/src/rp2_common/pico_malloc/malloc.c.obj
LOAD CMakeFiles/PICO_TEMPLATE.dir/usr/share/pico-sdk/src/rp2_common/pico_mem_ops/mem_ops_aeabi.S.obj
LOAD CMakeFiles/PICO_TEMPLATE.dir/usr/share/pico-sdk/src/rp2_common/pico_atomic/atomic.c.obj
LOAD CMakeFiles/PICO_TEMPLATE.dir/usr/share/pico-sdk/src/rp2_common/pico_cxx_options/new_delete.cpp.obj
LOAD CMakeFiles/PICO_TEMPLATE.dir/usr/share/pico-sdk/src/rp2_common/pico_standard_binary_info/standard_binary_info.c.obj
LOAD CMakeFiles/PICO_TEMPLATE.dir/usr/share/pico-sdk/src/rp2_common/pico_printf/printf.c.obj
LOAD CMakeFiles/PICO_TEMPLATE.dir/usr/share/pico-sdk/src/rp2_common/pico_crt0/crt0.S.obj
LOAD CMakeFiles/PICO_TEMPLATE.dir/usr/share/pico-sdk/src/rp2_common/pico_clib_interface/newlib_interface.c.obj
LOAD CMakeFiles/PICO_TEMPLATE.dir/usr/share/pico-sdk/src/rp2_common/pico_stdio/stdio.c.obj
LOAD CMakeFiles/PICO_TEMPLATE.dir/usr/share/pico-sdk/src/rp2_common/pico_stdio_uart/stdio_uart.c.obj
LOAD /tmp/ccDUc0hF.o
LOAD /usr/lib/gcc/arm-none-eabi/14.1.0/../../../../arm-none-eabi/lib/thumb/v6-m/nofp/libstdc++.a
LOAD /usr/lib/gcc/arm-none-eabi/14.1.0/../../../../arm-none-eabi/lib/thumb/v6-m/nofp/libm.a
START GROUP
LOAD /usr/lib/gcc/arm-none-eabi/14.1.0/thumb/v6-m/nofp/libgcc.a
LOAD /usr/lib/gcc/arm-none-eabi/14.1.0/../../../../arm-none-eabi/lib/thumb/v6-m/nofp/libg.a
LOAD /usr/lib/gcc/arm-none-eabi/14.1.0/../../../../arm-none-eabi/lib/thumb/v6-m/nofp/libc.a
END GROUP
START GROUP
LOAD /usr/lib/gcc/arm-none-eabi/14.1.0/thumb/v6-m/nofp/libgcc.a
LOAD /usr/lib/gcc/arm-none-eabi/14.1.0/../../../../arm-none-eabi/lib/thumb/v6-m/nofp/libc.a
LOAD /usr/lib/gcc/arm-none-eabi/14.1.0/../../../../arm-none-eabi/lib/thumb/v6-m/nofp/libnosys.a
END GROUP
LOAD /usr/lib/gcc/arm-none-eabi/14.1.0/thumb/v6-m/nofp/crtend.o
LOAD /usr/lib/gcc/arm-none-eabi/14.1.0/thumb/v6-m/nofp/crtn.o
OUTPUT(PICO_TEMPLATE.elf elf32-littlearm)
LOAD linker stubs

.ARM.attributes
                0x00000000       0x28
 .ARM.attributes
                0x00000000       0x1e /usr/lib/gcc/arm-none-eabi/14.1.0/thumb/v6-m/nofp/crti.o
 .ARM.attributes
                0x0000001e       0x2c /usr/lib/gcc/arm-none-eabi/14.1.0/thumb/v6-m/nofp/crtbegin.o
 .ARM.attributes
                0x0000004a       0x2c CMakeFiles/PICO_TEMPLATE.dir/src/led.c.obj
 .ARM.attributes
                0x00000076       0x2c CMakeFiles/PICO_TEMPLATE.dir/usr/share/pico-sdk/src/rp2_common/hardware_gpio/gpio.c.obj
 .ARM.attributes
                0x000000a2       0x2c CMakeFiles/PICO_TEMPLATE.dir/usr/share/pico-sdk/src/rp2_common/pico_platform_panic/panic.c.obj
 .ARM.attributes
                0x000000ce       0x2c CMakeFiles/PICO_TEMPLATE.dir/usr/share/pico-sdk/src/common/hardware_claim/claim.c.obj
 .ARM.attributes
                0x000000fa       0x2c CMakeFiles/PICO_TEMPLATE.dir/usr/share/pico-sdk/src/rp2_common/hardware_sync/sync.c.obj
 .ARM.attributes
                0x00000126       0x2c CMakeFiles/PICO_TEMPLATE.dir/usr/share/pico-sdk/src/rp2_common/hardware_sync_spin_lock/sync_spin_lock.c.obj
 .ARM.attributes
                0x00000152       0x2c CMakeFiles/PICO_TEMPLATE.dir/usr/share/pico-sdk/src/rp2_common/hardware_irq/irq.c.obj
 .ARM.attributes
                0x0000017e       0x2c CMakeFiles/PICO_TEMPLATE.dir/usr/share/pico-sdk/src/common/pico_sync/lock_core.c.obj
 .ARM.attributes
                0x000001aa       0x2c CMakeFiles/PICO_TEMPLATE.dir/usr/share/pico-sdk/src/common/pico_sync/mutex.c.obj
 .ARM.attributes
                0x000001d6       0x2c CMakeFiles/PICO_TEMPLATE.dir/usr/share/pico-sdk/src/common/pico_time/time.c.obj
 .ARM.attributes
                0x00000202       0x2c CMakeFiles/PICO_TEMPLATE.dir/usr/share/pico-sdk/src/rp2_common/hardware_timer/timer.c.obj
 .ARM.attributes
                0x0000022e       0x2c CMakeFiles/PICO_TEMPLATE.dir/usr/share/pico-sdk/src/rp2_common/hardware_clocks/clocks.c.obj
 .ARM.attributes
                0x0000025a       0x2c CMakeFiles/PICO_TEMPLATE.dir/usr/share/pico-sdk/src/rp2_common/hardware_pll/pll.c.obj
 .ARM.attributes
                0x00000286       0x2c CMakeFiles/PICO_TEMPLATE.dir/usr/share/pico-sdk/src/rp2_common/hardware_ticks/ticks.c.obj
 .ARM.attributes
                0x000002b2       0x2c CMakeFiles/PICO_TEMPLATE.dir/usr/share/pico-sdk/src/rp2_common/hardware_xosc/xosc.c.obj
 .ARM.attributes
                0x000002de       0x2c CMakeFiles/PICO_TEMPLATE.dir/usr/share/pico-sdk/src/rp2_common/pico_runtime/runtime.c.obj
 .ARM.attributes
                0x0000030a       0x2c CMakeFiles/PICO_TEMPLATE.dir/usr/share/pico-sdk/src/rp2_common/pico_runtime_init/runtime_init.c.obj
 .ARM.attributes
                0x00000336       0x2c CMakeFiles/PICO_TEMPLATE.dir/usr/share/pico-sdk/src/rp2_common/pico_runtime_init/runtime_init_clocks.c.obj
 .ARM.attributes
                0x00000362       0x22 CMakeFiles/PICO_TEMPLATE.dir/usr/share/pico-sdk/src/rp2_common/pico_bit_ops/bit_ops_aeabi.S.obj
 .ARM.attributes
                0x00000384       0x2c CMakeFiles/PICO_TEMPLATE.dir/usr/share/pico-sdk/src/rp2_common/pico_bootrom/bootrom.c.obj
 .ARM.attributes
                0x000003b0       0x22 CMakeFiles/PICO_TEMPLATE.dir/usr/share/pico-sdk/src/rp2_common/pico_divider/divider_hardware.S.obj
 .ARM.attributes
                0x000003d2       0x22 CMakeFiles/PICO_TEMPLATE.dir/usr/share/pico-sdk/src/rp2_common/pico_double/double_aeabi_rp2040.S.obj
 .ARM.attributes
                0x000003f4       0x2c CMakeFiles/PICO_TEMPLATE.dir/usr/share/pico-sdk/src/rp2_common/pico_double/double_init_rom_rp2040.c.obj
 .ARM.attributes
                0x00000420       0x22 CMakeFiles/PICO_TEMPLATE.dir/usr/share/pico-sdk/src/rp2_common/pico_double/double_v1_rom_shim_rp2040.S.obj
 .ARM.attributes
                0x00000442       0x22 CMakeFiles/PICO_TEMPLATE.dir/usr/share/pico-sdk/src/rp2_common/pico_int64_ops/pico_int64_ops_aeabi.S.obj
 .ARM.attributes
                0x00000464       0x22 CMakeFiles/PICO_TEMPLATE.dir/usr/share/pico-sdk/src/rp2_common/pico_float/float_aeabi_rp2040.S.obj
 .ARM.attributes
                0x00000486       0x2c CMakeFiles/PICO_TEMPLATE.dir/usr/share/pico-sdk/src/rp2_common/pico_float/float_init_rom_rp2040.c.obj
 .ARM.attributes
                0x000004b2       0x22 CMakeFiles/PICO_TEMPLATE.dir/usr/share/pico-sdk/src/rp2_common/pico_float/float_v1_rom_shim_rp2040.S.obj
 .ARM.attributes
                0x000004d4       0x22 CMakeFiles/PICO_TEMPLATE.dir/usr/share/pico-sdk/src/rp2_common/pico_mem_ops/mem_ops_aeabi.S.obj
 .ARM.attributes
                0x000004f6       0x2c CMakeFiles/PICO_TEMPLATE.dir/usr/share/pico-sdk/src/rp2_common/pico_standard_binary_info/standard_binary_info.c.obj
 .ARM.attributes
                0x00000522       0x2c CMakeFiles/PICO_TEMPLATE.dir/usr/share/pico-sdk/src/rp2_common/pico_printf/printf.c.obj
 .ARM.attributes
                0x0000054e       0x22 CMakeFiles/PICO_TEMPLATE.dir/usr/share/pico-sdk/src/rp2_common/pico_crt0/crt0.S.obj
 .ARM.attributes
                0x00000570       0x2c CMakeFiles/PICO_TEMPLATE.dir/usr/share/pico-sdk/src/rp2_common/pico_clib_interface/newlib_interface.c.obj
 .ARM.attributes
                0x0000059c       0x2c CMakeFiles/PICO_TEMPLATE.dir/usr/share/pico-sdk/src/rp2_common/pico_stdio/stdio.c.obj
 .ARM.attributes
                0x000005c8       0x22 /tmp/ccDUc0hF.o
 .ARM.attributes
                0x000005ea       0x1e /usr/lib/gcc/arm-none-eabi/14.1.0/thumb/v6-m/nofp/libgcc.a(_dvmd_tls.o)
 .ARM.attributes
                0x00000608       0x2c /usr/lib/gcc/arm-none-eabi/14.1.0/../../../../arm-none-eabi/lib/thumb/v6-m/nofp/libg.a(libc_a-atexit.o)
 .ARM.attributes
                0x00000634       0x2c /usr/lib/gcc/arm-none-eabi/14.1.0/../../../../arm-none-eabi/lib/thumb/v6-m/nofp/libg.a(libc_a-fini.o)
 .ARM.attributes
                0x00000660       0x2c /usr/lib/gcc/arm-none-eabi/14.1.0/../../../../arm-none-eabi/lib/thumb/v6-m/nofp/libg.a(libc_a-lock.o)
 .ARM.attributes
                0x0000068c       0x2c /usr/lib/gcc/arm-none-eabi/14.1.0/../../../../arm-none-eabi/lib/thumb/v6-m/nofp/libg.a(libc_a-strlen-stub.o)
 .ARM.attributes
                0x000006b8       0x2c /usr/lib/gcc/arm-none-eabi/14.1.0/../../../../arm-none-eabi/lib/thumb/v6-m/nofp/libg.a(libc_a-__atexit.o)
 .ARM.attributes
                0x000006e4       0x2c /usr/lib/gcc/arm-none-eabi/14.1.0/../../../../arm-none-eabi/lib/thumb/v6-m/nofp/libg.a(libc_a-__call_atexit.o)

.comment        0x00000000       0x1e
 .comment       0x00000000       0x1e CMakeFiles/PICO_TEMPLATE.dir/src/led.c.obj
                                 0x1f (size before relaxing)
 .comment       0x0000001e       0x1f CMakeFiles/PICO_TEMPLATE.dir/usr/share/pico-sdk/src/rp2_common/hardware_gpio/gpio.c.obj
 .comment       0x0000001e       0x1f CMakeFiles/PICO_TEMPLATE.dir/usr/share/pico-sdk/src/rp2_common/pico_platform_panic/panic.c.obj
 .comment       0x0000001e       0x1f CMakeFiles/PICO_TEMPLATE.dir/usr/share/pico-sdk/src/common/hardware_claim/claim.c.obj
 .comment       0x0000001e       0x1f CMakeFiles/PICO_TEMPLATE.dir/usr/share/pico-sdk/src/rp2_common/hardware_sync/sync.c.obj
 .comment       0x0000001e       0x1f CMakeFiles/PICO_TEMPLATE.dir/usr/share/pico-sdk/src/rp2_common/hardware_sync_spin_lock/sync_spin_lock.c.obj
 .comment       0x0000001e       0x1f CMakeFiles/PICO_TEMPLATE.dir/usr/share/pico-sdk/src/rp2_common/hardware_irq/irq.c.obj
 .comment       0x0000001e       0x1f CMakeFiles/PICO_TEMPLATE.dir/usr/share/pico-sdk/src/common/pico_sync/lock_core.c.obj
 .comment       0x0000001e       0x1f CMakeFiles/PICO_TEMPLATE.dir/usr/share/pico-sdk/src/common/pico_sync/mutex.c.obj
 .comment       0x0000001e       0x1f CMakeFiles/PICO_TEMPLATE.dir/usr/share/pico-sdk/src/common/pico_time/time.c.obj
 .comment       0x0000001e       0x1f CMakeFiles/PICO_TEMPLATE.dir/usr/share/pico-sdk/src/rp2_common/hardware_timer/timer.c.obj
 .comment       0x0000001e       0x1f CMakeFiles/PICO_TEMPLATE.dir/usr/share/pico-sdk/src/rp2_common/hardware_clocks/clocks.c.obj
 .comment       0x0000001e       0x1f CMakeFiles/PICO_TEMPLATE.dir/usr/share/pico-sdk/src/rp2_common/hardware_pll/pll.c.obj
 .comment       0x0000001e       0x1f CMakeFiles/PICO_TEMPLATE.dir/usr/share/pico-sdk/src/rp2_common/hardware_ticks/ticks.c.obj
 .comment       0x0000001e       0x1f CMakeFiles/PICO_TEMPLATE.dir/usr/share/pico-sdk/src/rp2_common/hardware_xosc/xosc.c.obj
 .comment       0x0000001e       0x1f CMakeFiles/PICO_TEMPLATE.dir/usr/share/pico-sdk/src/rp2_common/pico_runtime/runtime.c.obj
 .comment       0x0000001e       0x1f CMakeFiles/PICO_TEMPLATE.dir/usr/share/pico-sdk/src/rp2_common/pico_runtime_init/runtime_init.c.obj
 .comment       0x0000001e       0x1f CMakeFiles/PICO_TEMPLATE.dir/usr/share/pico-sdk/src/rp2_common/pico_runtime_init/runtime_init_clocks.c.obj
 .comment       0x0000001e       0x1f CMakeFiles/PICO_TEMPLATE.dir/usr/share/pico-sdk/src/rp2_common/pico_bootrom/bootrom.c.obj
 .comment       0x0000001e       0x1f CMakeFiles/PICO_TEMPLATE.dir/usr/share/pico-sdk/src/rp2_common/pico_double/double_init_rom_rp2040.c.obj
 .comment       0x0000001e       0x1f CMakeFiles/PICO_TEMPLATE.dir/usr/share/pico-sdk/src/rp2_common/pico_float/float_init_rom_rp2040.c.obj
 .comment       0x0000001e       0x1f CMakeFiles/PICO_TEMPLATE.dir/usr/share/pico-sdk/src/rp2_common/pico_standard_binary_info/standard_binary_info.c.obj
 .comment       0x0000001e       0x1f CMakeFiles/PICO_TEMPLATE.dir/usr/share/pico-sdk/src/rp2_common/pico_printf/printf.c.obj
 .comment       0x0000001e       0x1f CMakeFiles/PICO_TEMPLATE.dir/usr/share/pico-sdk/src/rp2_common/pico_clib_interface/newlib_interface.c.obj
 .comment       0x0000001e       0x1f CMakeFiles/PICO_TEMPLATE.dir/usr/share/pico-sdk/src/rp2_common/pico_stdio/stdio.c.obj
 .comment       0x0000001e       0x1f /usr/lib/gcc/arm-none-eabi/14.1.0/../../../../arm-none-eabi/lib/thumb/v6-m/nofp/libg.a(libc_a-atexit.o)
 .comment       0x0000001e       0x1f /usr/lib/gcc/arm-none-eabi/14.1.0/../../../../arm-none-eabi/lib/thumb/v6-m/nofp/libg.a(libc_a-fini.o)
 .comment       0x0000001e       0x1f /usr/lib/gcc/arm-none-eabi/14.1.0/../../../../arm-none-eabi/lib/thumb/v6-m/nofp/libg.a(libc_a-lock.o)
 .comment       0x0000001e       0x1f /usr/lib/gcc/arm-none-eabi/14.1.0/../../../../arm-none-eabi/lib/thumb/v6-m/nofp/libg.a(libc_a-strlen-stub.o)
 .comment       0x0000001e       0x1f /usr/lib/gcc/arm-none-eabi/14.1.0/../../../../arm-none-eabi/lib/thumb/v6-m/nofp/libg.a(libc_a-__atexit.o)
 .comment       0x0000001e       0x1f /usr/lib/gcc/arm-none-eabi/14.1.0/../../../../arm-none-eabi/lib/thumb/v6-m/nofp/libg.a(libc_a-__call_atexit.o)

.debug_info     0x00000000    0x1aaa4
 .debug_info    0x00000000      0x605 CMakeFiles/PICO_TEMPLATE.dir/src/led.c.obj
 .debug_info    0x00000605     0x242f CMakeFiles/PICO_TEMPLATE.dir/usr/share/pico-sdk/src/rp2_common/hardware_gpio/gpio.c.obj
 .debug_info    0x00002a34      0x1bf CMakeFiles/PICO_TEMPLATE.dir/usr/share/pico-sdk/src/rp2_common/pico_platform_panic/panic.c.obj
 .debug_info    0x00002bf3      0x999 CMakeFiles/PICO_TEMPLATE.dir/usr/share/pico-sdk/src/common/hardware_claim/claim.c.obj
 .debug_info    0x0000358c      0x45c CMakeFiles/PICO_TEMPLATE.dir/usr/share/pico-sdk/src/rp2_common/hardware_sync/sync.c.obj
 .debug_info    0x000039e8      0x245 CMakeFiles/PICO_TEMPLATE.dir/usr/share/pico-sdk/src/rp2_common/hardware_sync_spin_lock/sync_spin_lock.c.obj
 .debug_info    0x00003c2d     0x21aa CMakeFiles/PICO_TEMPLATE.dir/usr/share/pico-sdk/src/rp2_common/hardware_irq/irq.c.obj
 .debug_info    0x00005dd7      0x15f CMakeFiles/PICO_TEMPLATE.dir/usr/share/pico-sdk/src/common/pico_sync/lock_core.c.obj
 .debug_info    0x00005f36     0x27e7 CMakeFiles/PICO_TEMPLATE.dir/usr/share/pico-sdk/src/common/pico_sync/mutex.c.obj
 .debug_info    0x0000871d     0x5109 CMakeFiles/PICO_TEMPLATE.dir/usr/share/pico-sdk/src/common/pico_time/time.c.obj
 .debug_info    0x0000d826     0x2af8 CMakeFiles/PICO_TEMPLATE.dir/usr/share/pico-sdk/src/rp2_common/hardware_timer/timer.c.obj
 .debug_info    0x0001031e     0x2954 CMakeFiles/PICO_TEMPLATE.dir/usr/share/pico-sdk/src/rp2_common/hardware_clocks/clocks.c.obj
 .debug_info    0x00012c72      0x4e5 CMakeFiles/PICO_TEMPLATE.dir/usr/share/pico-sdk/src/rp2_common/hardware_pll/pll.c.obj
 .debug_info    0x00013157      0x248 CMakeFiles/PICO_TEMPLATE.dir/usr/share/pico-sdk/src/rp2_common/hardware_ticks/ticks.c.obj
 .debug_info    0x0001339f      0x1cc CMakeFiles/PICO_TEMPLATE.dir/usr/share/pico-sdk/src/rp2_common/hardware_xosc/xosc.c.obj
 .debug_info    0x0001356b      0x21a CMakeFiles/PICO_TEMPLATE.dir/usr/share/pico-sdk/src/rp2_common/pico_runtime/runtime.c.obj
 .debug_info    0x00013785      0x795 CMakeFiles/PICO_TEMPLATE.dir/usr/share/pico-sdk/src/rp2_common/pico_runtime_init/runtime_init.c.obj
 .debug_info    0x00013f1a      0x781 CMakeFiles/PICO_TEMPLATE.dir/usr/share/pico-sdk/src/rp2_common/pico_runtime_init/runtime_init_clocks.c.obj
 .debug_info    0x0001469b       0x23 CMakeFiles/PICO_TEMPLATE.dir/usr/share/pico-sdk/src/rp2_common/pico_bit_ops/bit_ops_aeabi.S.obj
 .debug_info    0x000146be      0x50f CMakeFiles/PICO_TEMPLATE.dir/usr/share/pico-sdk/src/rp2_common/pico_bootrom/bootrom.c.obj
 .debug_info    0x00014bcd       0x23 CMakeFiles/PICO_TEMPLATE.dir/usr/share/pico-sdk/src/rp2_common/pico_divider/divider_hardware.S.obj
 .debug_info    0x00014bf0       0x23 CMakeFiles/PICO_TEMPLATE.dir/usr/share/pico-sdk/src/rp2_common/pico_double/double_aeabi_rp2040.S.obj
 .debug_info    0x00014c13      0x277 CMakeFiles/PICO_TEMPLATE.dir/usr/share/pico-sdk/src/rp2_common/pico_double/double_init_rom_rp2040.c.obj
 .debug_info    0x00014e8a       0x23 CMakeFiles/PICO_TEMPLATE.dir/usr/share/pico-sdk/src/rp2_common/pico_double/double_v1_rom_shim_rp2040.S.obj
 .debug_info    0x00014ead       0x24 CMakeFiles/PICO_TEMPLATE.dir/usr/share/pico-sdk/src/rp2_common/pico_int64_ops/pico_int64_ops_aeabi.S.obj
 .debug_info    0x00014ed1       0x23 CMakeFiles/PICO_TEMPLATE.dir/usr/share/pico-sdk/src/rp2_common/pico_float/float_aeabi_rp2040.S.obj
 .debug_info    0x00014ef4      0x277 CMakeFiles/PICO_TEMPLATE.dir/usr/share/pico-sdk/src/rp2_common/pico_float/float_init_rom_rp2040.c.obj
 .debug_info    0x0001516b       0x23 CMakeFiles/PICO_TEMPLATE.dir/usr/share/pico-sdk/src/rp2_common/pico_float/float_v1_rom_shim_rp2040.S.obj
 .debug_info    0x0001518e       0x23 CMakeFiles/PICO_TEMPLATE.dir/usr/share/pico-sdk/src/rp2_common/pico_mem_ops/mem_ops_aeabi.S.obj
 .debug_info    0x000151b1      0x28e CMakeFiles/PICO_TEMPLATE.dir/usr/share/pico-sdk/src/rp2_common/pico_standard_binary_info/standard_binary_info.c.obj
 .debug_info    0x0001543f     0x22f2 CMakeFiles/PICO_TEMPLATE.dir/usr/share/pico-sdk/src/rp2_common/pico_printf/printf.c.obj
 .debug_info    0x00017731       0x23 CMakeFiles/PICO_TEMPLATE.dir/usr/share/pico-sdk/src/rp2_common/pico_crt0/crt0.S.obj
 .debug_info    0x00017754      0xb54 CMakeFiles/PICO_TEMPLATE.dir/usr/share/pico-sdk/src/rp2_common/pico_clib_interface/newlib_interface.c.obj
 .debug_info    0x000182a8     0x1d6c CMakeFiles/PICO_TEMPLATE.dir/usr/share/pico-sdk/src/rp2_common/pico_stdio/stdio.c.obj
 .debug_info    0x0001a014       0x3c /usr/lib/gcc/arm-none-eabi/14.1.0/thumb/v6-m/nofp/libgcc.a(_dvmd_tls.o)
 .debug_info    0x0001a050      0x11e /usr/lib/gcc/arm-none-eabi/14.1.0/../../../../arm-none-eabi/lib/thumb/v6-m/nofp/libg.a(libc_a-atexit.o)
 .debug_info    0x0001a16e       0xf7 /usr/lib/gcc/arm-none-eabi/14.1.0/../../../../arm-none-eabi/lib/thumb/v6-m/nofp/libg.a(libc_a-fini.o)
 .debug_info    0x0001a265      0x218 /usr/lib/gcc/arm-none-eabi/14.1.0/../../../../arm-none-eabi/lib/thumb/v6-m/nofp/libg.a(libc_a-lock.o)
 .debug_info    0x0001a47d       0xeb /usr/lib/gcc/arm-none-eabi/14.1.0/../../../../arm-none-eabi/lib/thumb/v6-m/nofp/libg.a(libc_a-strlen-stub.o)
 .debug_info    0x0001a568      0x25f /usr/lib/gcc/arm-none-eabi/14.1.0/../../../../arm-none-eabi/lib/thumb/v6-m/nofp/libg.a(libc_a-__atexit.o)
 .debug_info    0x0001a7c7      0x2dd /usr/lib/gcc/arm-none-eabi/14.1.0/../../../../arm-none-eabi/lib/thumb/v6-m/nofp/libg.a(libc_a-__call_atexit.o)

.debug_abbrev   0x00000000     0x5093
 .debug_abbrev  0x00000000      0x1d1 CMakeFiles/PICO_TEMPLATE.dir/src/led.c.obj
 .debug_abbrev  0x000001d1      0x50e CMakeFiles/PICO_TEMPLATE.dir/usr/share/pico-sdk/src/rp2_common/hardware_gpio/gpio.c.obj
 .debug_abbrev  0x000006df      0x12b CMakeFiles/PICO_TEMPLATE.dir/usr/share/pico-sdk/src/rp2_common/pico_platform_panic/panic.c.obj
 .debug_abbrev  0x0000080a      0x33d CMakeFiles/PICO_TEMPLATE.dir/usr/share/pico-sdk/src/common/hardware_claim/claim.c.obj
 .debug_abbrev  0x00000b47      0x20f CMakeFiles/PICO_TEMPLATE.dir/usr/share/pico-sdk/src/rp2_common/hardware_sync/sync.c.obj
 .debug_abbrev  0x00000d56      0x1bb CMakeFiles/PICO_TEMPLATE.dir/usr/share/pico-sdk/src/rp2_common/hardware_sync_spin_lock/sync_spin_lock.c.obj
 .debug_abbrev  0x00000f11      0x613 CMakeFiles/PICO_TEMPLATE.dir/usr/share/pico-sdk/src/rp2_common/hardware_irq/irq.c.obj
 .debug_abbrev  0x00001524       0xee CMakeFiles/PICO_TEMPLATE.dir/usr/share/pico-sdk/src/common/pico_sync/lock_core.c.obj
 .debug_abbrev  0x00001612      0x48f CMakeFiles/PICO_TEMPLATE.dir/usr/share/pico-sdk/src/common/pico_sync/mutex.c.obj
 .debug_abbrev  0x00001aa1      0x659 CMakeFiles/PICO_TEMPLATE.dir/usr/share/pico-sdk/src/common/pico_time/time.c.obj
 .debug_abbrev  0x000020fa      0x503 CMakeFiles/PICO_TEMPLATE.dir/usr/share/pico-sdk/src/rp2_common/hardware_timer/timer.c.obj
 .debug_abbrev  0x000025fd      0x4fd CMakeFiles/PICO_TEMPLATE.dir/usr/share/pico-sdk/src/rp2_common/hardware_clocks/clocks.c.obj
 .debug_abbrev  0x00002afa      0x1d2 CMakeFiles/PICO_TEMPLATE.dir/usr/share/pico-sdk/src/rp2_common/hardware_pll/pll.c.obj
 .debug_abbrev  0x00002ccc      0x145 CMakeFiles/PICO_TEMPLATE.dir/usr/share/pico-sdk/src/rp2_common/hardware_ticks/ticks.c.obj
 .debug_abbrev  0x00002e11      0x11b CMakeFiles/PICO_TEMPLATE.dir/usr/share/pico-sdk/src/rp2_common/hardware_xosc/xosc.c.obj
 .debug_abbrev  0x00002f2c      0x182 CMakeFiles/PICO_TEMPLATE.dir/usr/share/pico-sdk/src/rp2_common/pico_runtime/runtime.c.obj
 .debug_abbrev  0x000030ae      0x222 CMakeFiles/PICO_TEMPLATE.dir/usr/share/pico-sdk/src/rp2_common/pico_runtime_init/runtime_init.c.obj
 .debug_abbrev  0x000032d0      0x2af CMakeFiles/PICO_TEMPLATE.dir/usr/share/pico-sdk/src/rp2_common/pico_runtime_init/runtime_init_clocks.c.obj
 .debug_abbrev  0x0000357f       0x12 CMakeFiles/PICO_TEMPLATE.dir/usr/share/pico-sdk/src/rp2_common/pico_bit_ops/bit_ops_aeabi.S.obj
 .debug_abbrev  0x00003591      0x1b9 CMakeFiles/PICO_TEMPLATE.dir/usr/share/pico-sdk/src/rp2_common/pico_bootrom/bootrom.c.obj
 .debug_abbrev  0x0000374a       0x12 CMakeFiles/PICO_TEMPLATE.dir/usr/share/pico-sdk/src/rp2_common/pico_divider/divider_hardware.S.obj
 .debug_abbrev  0x0000375c       0x12 CMakeFiles/PICO_TEMPLATE.dir/usr/share/pico-sdk/src/rp2_common/pico_double/double_aeabi_rp2040.S.obj
 .debug_abbrev  0x0000376e      0x17a CMakeFiles/PICO_TEMPLATE.dir/usr/share/pico-sdk/src/rp2_common/pico_double/double_init_rom_rp2040.c.obj
 .debug_abbrev  0x000038e8       0x12 CMakeFiles/PICO_TEMPLATE.dir/usr/share/pico-sdk/src/rp2_common/pico_double/double_v1_rom_shim_rp2040.S.obj
 .debug_abbrev  0x000038fa       0x14 CMakeFiles/PICO_TEMPLATE.dir/usr/share/pico-sdk/src/rp2_common/pico_int64_ops/pico_int64_ops_aeabi.S.obj
 .debug_abbrev  0x0000390e       0x12 CMakeFiles/PICO_TEMPLATE.dir/usr/share/pico-sdk/src/rp2_common/pico_float/float_aeabi_rp2040.S.obj
 .debug_abbrev  0x00003920      0x173 CMakeFiles/PICO_TEMPLATE.dir/usr/share/pico-sdk/src/rp2_common/pico_float/float_init_rom_rp2040.c.obj
 .debug_abbrev  0x00003a93       0x12 CMakeFiles/PICO_TEMPLATE.dir/usr/share/pico-sdk/src/rp2_common/pico_float/float_v1_rom_shim_rp2040.S.obj
 .debug_abbrev  0x00003aa5       0x12 CMakeFiles/PICO_TEMPLATE.dir/usr/share/pico-sdk/src/rp2_common/pico_mem_ops/mem_ops_aeabi.S.obj
 .debug_abbrev  0x00003ab7       0xb8 CMakeFiles/PICO_TEMPLATE.dir/usr/share/pico-sdk/src/rp2_common/pico_standard_binary_info/standard_binary_info.c.obj
 .debug_abbrev  0x00003b6f      0x50c CMakeFiles/PICO_TEMPLATE.dir/usr/share/pico-sdk/src/rp2_common/pico_printf/printf.c.obj
 .debug_abbrev  0x0000407b       0x12 CMakeFiles/PICO_TEMPLATE.dir/usr/share/pico-sdk/src/rp2_common/pico_crt0/crt0.S.obj
 .debug_abbrev  0x0000408d      0x352 CMakeFiles/PICO_TEMPLATE.dir/usr/share/pico-sdk/src/rp2_common/pico_clib_interface/newlib_interface.c.obj
 .debug_abbrev  0x000043df      0x5d9 CMakeFiles/PICO_TEMPLATE.dir/usr/share/pico-sdk/src/rp2_common/pico_stdio/stdio.c.obj
 .debug_abbrev  0x000049b8       0x26 /usr/lib/gcc/arm-none-eabi/14.1.0/thumb/v6-m/nofp/libgcc.a(_dvmd_tls.o)
 .debug_abbrev  0x000049de       0xbe /usr/lib/gcc/arm-none-eabi/14.1.0/../../../../arm-none-eabi/lib/thumb/v6-m/nofp/libg.a(libc_a-atexit.o)
 .debug_abbrev  0x00004a9c       0xc9 /usr/lib/gcc/arm-none-eabi/14.1.0/../../../../arm-none-eabi/lib/thumb/v6-m/nofp/libg.a(libc_a-fini.o)
 .debug_abbrev  0x00004b65      0x115 /usr/lib/gcc/arm-none-eabi/14.1.0/../../../../arm-none-eabi/lib/thumb/v6-m/nofp/libg.a(libc_a-lock.o)
 .debug_abbrev  0x00004c7a       0x90 /usr/lib/gcc/arm-none-eabi/14.1.0/../../../../arm-none-eabi/lib/thumb/v6-m/nofp/libg.a(libc_a-strlen-stub.o)
 .debug_abbrev  0x00004d0a      0x189 /usr/lib/gcc/arm-none-eabi/14.1.0/../../../../arm-none-eabi/lib/thumb/v6-m/nofp/libg.a(libc_a-__atexit.o)
 .debug_abbrev  0x00004e93      0x200 /usr/lib/gcc/arm-none-eabi/14.1.0/../../../../arm-none-eabi/lib/thumb/v6-m/nofp/libg.a(libc_a-__call_atexit.o)

.debug_loclists
                0x00000000     0xfc0a
 .debug_loclists
                0x00000000       0xa8 CMakeFiles/PICO_TEMPLATE.dir/src/led.c.obj
 .debug_loclists
                0x000000a8     0x1ac0 CMakeFiles/PICO_TEMPLATE.dir/usr/share/pico-sdk/src/rp2_common/hardware_gpio/gpio.c.obj
 .debug_loclists
                0x00001b68      0x349 CMakeFiles/PICO_TEMPLATE.dir/usr/share/pico-sdk/src/common/hardware_claim/claim.c.obj
 .debug_loclists
                0x00001eb1      0x108 CMakeFiles/PICO_TEMPLATE.dir/usr/share/pico-sdk/src/rp2_common/hardware_sync/sync.c.obj
 .debug_loclists
                0x00001fb9       0x7d CMakeFiles/PICO_TEMPLATE.dir/usr/share/pico-sdk/src/rp2_common/hardware_sync_spin_lock/sync_spin_lock.c.obj
 .debug_loclists
                0x00002036     0x11bc CMakeFiles/PICO_TEMPLATE.dir/usr/share/pico-sdk/src/rp2_common/hardware_irq/irq.c.obj
 .debug_loclists
                0x000031f2       0x41 CMakeFiles/PICO_TEMPLATE.dir/usr/share/pico-sdk/src/common/pico_sync/lock_core.c.obj
 .debug_loclists
                0x00003233      0xaec CMakeFiles/PICO_TEMPLATE.dir/usr/share/pico-sdk/src/common/pico_sync/mutex.c.obj
 .debug_loclists
                0x00003d1f     0x2847 CMakeFiles/PICO_TEMPLATE.dir/usr/share/pico-sdk/src/common/pico_time/time.c.obj
 .debug_loclists
                0x00006566     0x19ce CMakeFiles/PICO_TEMPLATE.dir/usr/share/pico-sdk/src/rp2_common/hardware_timer/timer.c.obj
 .debug_loclists
                0x00007f34     0x294a CMakeFiles/PICO_TEMPLATE.dir/usr/share/pico-sdk/src/rp2_common/hardware_clocks/clocks.c.obj
 .debug_loclists
                0x0000a87e      0x1e0 CMakeFiles/PICO_TEMPLATE.dir/usr/share/pico-sdk/src/rp2_common/hardware_pll/pll.c.obj
 .debug_loclists
                0x0000aa5e       0x47 CMakeFiles/PICO_TEMPLATE.dir/usr/share/pico-sdk/src/rp2_common/hardware_ticks/ticks.c.obj
 .debug_loclists
                0x0000aaa5       0x48 CMakeFiles/PICO_TEMPLATE.dir/usr/share/pico-sdk/src/rp2_common/hardware_xosc/xosc.c.obj
 .debug_loclists
                0x0000aaed       0x7e CMakeFiles/PICO_TEMPLATE.dir/usr/share/pico-sdk/src/rp2_common/pico_runtime/runtime.c.obj
 .debug_loclists
                0x0000ab6b       0xba CMakeFiles/PICO_TEMPLATE.dir/usr/share/pico-sdk/src/rp2_common/pico_runtime_init/runtime_init.c.obj
 .debug_loclists
                0x0000ac25       0x74 CMakeFiles/PICO_TEMPLATE.dir/usr/share/pico-sdk/src/rp2_common/pico_runtime_init/runtime_init_clocks.c.obj
 .debug_loclists
                0x0000ac99      0x291 CMakeFiles/PICO_TEMPLATE.dir/usr/share/pico-sdk/src/rp2_common/pico_bootrom/bootrom.c.obj
 .debug_loclists
                0x0000af2a       0x3d CMakeFiles/PICO_TEMPLATE.dir/usr/share/pico-sdk/src/rp2_common/pico_double/double_init_rom_rp2040.c.obj
 .debug_loclists
                0x0000af67       0x59 CMakeFiles/PICO_TEMPLATE.dir/usr/share/pico-sdk/src/rp2_common/pico_float/float_init_rom_rp2040.c.obj
 .debug_loclists
                0x0000afc0     0x355f CMakeFiles/PICO_TEMPLATE.dir/usr/share/pico-sdk/src/rp2_common/pico_printf/printf.c.obj
 .debug_loclists
                0x0000e51f      0x431 CMakeFiles/PICO_TEMPLATE.dir/usr/share/pico-sdk/src/rp2_common/pico_clib_interface/newlib_interface.c.obj
 .debug_loclists
                0x0000e950      0xf51 CMakeFiles/PICO_TEMPLATE.dir/usr/share/pico-sdk/src/rp2_common/pico_stdio/stdio.c.obj
 .debug_loclists
                0x0000f8a1       0x30 /usr/lib/gcc/arm-none-eabi/14.1.0/../../../../arm-none-eabi/lib/thumb/v6-m/nofp/libg.a(libc_a-atexit.o)
 .debug_loclists
                0x0000f8d1       0x34 /usr/lib/gcc/arm-none-eabi/14.1.0/../../../../arm-none-eabi/lib/thumb/v6-m/nofp/libg.a(libc_a-fini.o)
 .debug_loclists
                0x0000f905       0x29 /usr/lib/gcc/arm-none-eabi/14.1.0/../../../../arm-none-eabi/lib/thumb/v6-m/nofp/libg.a(libc_a-lock.o)
 .debug_loclists
                0x0000f92e       0x64 /usr/lib/gcc/arm-none-eabi/14.1.0/../../../../arm-none-eabi/lib/thumb/v6-m/nofp/libg.a(libc_a-strlen-stub.o)
 .debug_loclists
                0x0000f992      0x122 /usr/lib/gcc/arm-none-eabi/14.1.0/../../../../arm-none-eabi/lib/thumb/v6-m/nofp/libg.a(libc_a-__atexit.o)
 .debug_loclists
                0x0000fab4      0x156 /usr/lib/gcc/arm-none-eabi/14.1.0/../../../../arm-none-eabi/lib/thumb/v6-m/nofp/libg.a(libc_a-__call_atexit.o)

.debug_aranges  0x00000000      0xf70
 .debug_aranges
                0x00000000       0x20 CMakeFiles/PICO_TEMPLATE.dir/src/led.c.obj
 .debug_aranges
                0x00000020      0x120 CMakeFiles/PICO_TEMPLATE.dir/usr/share/pico-sdk/src/rp2_common/hardware_gpio/gpio.c.obj
 .debug_aranges
                0x00000140       0x28 CMakeFiles/PICO_TEMPLATE.dir/usr/share/pico-sdk/src/rp2_common/pico_platform_panic/panic.c.obj
 .debug_aranges
                0x00000168       0x48 CMakeFiles/PICO_TEMPLATE.dir/usr/share/pico-sdk/src/common/hardware_claim/claim.c.obj
 .debug_aranges
                0x000001b0       0x48 CMakeFiles/PICO_TEMPLATE.dir/usr/share/pico-sdk/src/rp2_common/hardware_sync/sync.c.obj
 .debug_aranges
                0x000001f8       0x28 CMakeFiles/PICO_TEMPLATE.dir/usr/share/pico-sdk/src/rp2_common/hardware_sync_spin_lock/sync_spin_lock.c.obj
 .debug_aranges
                0x00000220       0xb0 CMakeFiles/PICO_TEMPLATE.dir/usr/share/pico-sdk/src/rp2_common/hardware_irq/irq.c.obj
 .debug_aranges
                0x000002d0       0x20 CMakeFiles/PICO_TEMPLATE.dir/usr/share/pico-sdk/src/common/pico_sync/lock_core.c.obj
 .debug_aranges
                0x000002f0       0x98 CMakeFiles/PICO_TEMPLATE.dir/usr/share/pico-sdk/src/common/pico_sync/mutex.c.obj
 .debug_aranges
                0x00000388       0xe0 CMakeFiles/PICO_TEMPLATE.dir/usr/share/pico-sdk/src/common/pico_time/time.c.obj
 .debug_aranges
                0x00000468       0xf0 CMakeFiles/PICO_TEMPLATE.dir/usr/share/pico-sdk/src/rp2_common/hardware_timer/timer.c.obj
 .debug_aranges
                0x00000558       0x90 CMakeFiles/PICO_TEMPLATE.dir/usr/share/pico-sdk/src/rp2_common/hardware_clocks/clocks.c.obj
 .debug_aranges
                0x000005e8       0x28 CMakeFiles/PICO_TEMPLATE.dir/usr/share/pico-sdk/src/rp2_common/hardware_pll/pll.c.obj
 .debug_aranges
                0x00000610       0x30 CMakeFiles/PICO_TEMPLATE.dir/usr/share/pico-sdk/src/rp2_common/hardware_ticks/ticks.c.obj
 .debug_aranges
                0x00000640       0x30 CMakeFiles/PICO_TEMPLATE.dir/usr/share/pico-sdk/src/rp2_common/hardware_xosc/xosc.c.obj
 .debug_aranges
                0x00000670       0x38 CMakeFiles/PICO_TEMPLATE.dir/usr/share/pico-sdk/src/rp2_common/pico_runtime/runtime.c.obj
 .debug_aranges
                0x000006a8       0x48 CMakeFiles/PICO_TEMPLATE.dir/usr/share/pico-sdk/src/rp2_common/pico_runtime_init/runtime_init.c.obj
 .debug_aranges
                0x000006f0       0x20 CMakeFiles/PICO_TEMPLATE.dir/usr/share/pico-sdk/src/rp2_common/pico_runtime_init/runtime_init_clocks.c.obj
 .debug_aranges
                0x00000710       0x60 CMakeFiles/PICO_TEMPLATE.dir/usr/share/pico-sdk/src/rp2_common/pico_bit_ops/bit_ops_aeabi.S.obj
 .debug_aranges
                0x00000770       0x38 CMakeFiles/PICO_TEMPLATE.dir/usr/share/pico-sdk/src/rp2_common/pico_bootrom/bootrom.c.obj
 .debug_aranges
                0x000007a8       0x40 CMakeFiles/PICO_TEMPLATE.dir/usr/share/pico-sdk/src/rp2_common/pico_divider/divider_hardware.S.obj
 .debug_aranges
                0x000007e8      0x140 CMakeFiles/PICO_TEMPLATE.dir/usr/share/pico-sdk/src/rp2_common/pico_double/double_aeabi_rp2040.S.obj
 .debug_aranges
                0x00000928       0x20 CMakeFiles/PICO_TEMPLATE.dir/usr/share/pico-sdk/src/rp2_common/pico_double/double_init_rom_rp2040.c.obj
 .debug_aranges
                0x00000948       0xc8 CMakeFiles/PICO_TEMPLATE.dir/usr/share/pico-sdk/src/rp2_common/pico_double/double_v1_rom_shim_rp2040.S.obj
 .debug_aranges
                0x00000a10       0x20 CMakeFiles/PICO_TEMPLATE.dir/usr/share/pico-sdk/src/rp2_common/pico_int64_ops/pico_int64_ops_aeabi.S.obj
 .debug_aranges
                0x00000a30      0x130 CMakeFiles/PICO_TEMPLATE.dir/usr/share/pico-sdk/src/rp2_common/pico_float/float_aeabi_rp2040.S.obj
 .debug_aranges
                0x00000b60       0x20 CMakeFiles/PICO_TEMPLATE.dir/usr/share/pico-sdk/src/rp2_common/pico_float/float_init_rom_rp2040.c.obj
 .debug_aranges
                0x00000b80       0x50 CMakeFiles/PICO_TEMPLATE.dir/usr/share/pico-sdk/src/rp2_common/pico_float/float_v1_rom_shim_rp2040.S.obj
 .debug_aranges
                0x00000bd0       0x38 CMakeFiles/PICO_TEMPLATE.dir/usr/share/pico-sdk/src/rp2_common/pico_mem_ops/mem_ops_aeabi.S.obj
 .debug_aranges
                0x00000c08       0x18 CMakeFiles/PICO_TEMPLATE.dir/usr/share/pico-sdk/src/rp2_common/pico_standard_binary_info/standard_binary_info.c.obj
 .debug_aranges
                0x00000c20       0x90 CMakeFiles/PICO_TEMPLATE.dir/usr/share/pico-sdk/src/rp2_common/pico_printf/printf.c.obj
 .debug_aranges
                0x00000cb0       0x28 CMakeFiles/PICO_TEMPLATE.dir/usr/share/pico-sdk/src/rp2_common/pico_crt0/crt0.S.obj
 .debug_aranges
                0x00000cd8       0xa0 CMakeFiles/PICO_TEMPLATE.dir/usr/share/pico-sdk/src/rp2_common/pico_clib_interface/newlib_interface.c.obj
 .debug_aranges
                0x00000d78       0xc8 CMakeFiles/PICO_TEMPLATE.dir/usr/share/pico-sdk/src/rp2_common/pico_stdio/stdio.c.obj
 .debug_aranges
                0x00000e40       0x20 /usr/lib/gcc/arm-none-eabi/14.1.0/thumb/v6-m/nofp/libgcc.a(_dvmd_tls.o)
 .debug_aranges
                0x00000e60       0x20 /usr/lib/gcc/arm-none-eabi/14.1.0/../../../../arm-none-eabi/lib/thumb/v6-m/nofp/libg.a(libc_a-atexit.o)
 .debug_aranges
                0x00000e80       0x20 /usr/lib/gcc/arm-none-eabi/14.1.0/../../../../arm-none-eabi/lib/thumb/v6-m/nofp/libg.a(libc_a-fini.o)
 .debug_aranges
                0x00000ea0       0x68 /usr/lib/gcc/arm-none-eabi/14.1.0/../../../../arm-none-eabi/lib/thumb/v6-m/nofp/libg.a(libc_a-lock.o)
 .debug_aranges
                0x00000f08       0x20 /usr/lib/gcc/arm-none-eabi/14.1.0/../../../../arm-none-eabi/lib/thumb/v6-m/nofp/libg.a(libc_a-strlen-stub.o)
 .debug_aranges
                0x00000f28       0x20 /usr/lib/gcc/arm-none-eabi/14.1.0/../../../../arm-none-eabi/lib/thumb/v6-m/nofp/libg.a(libc_a-__atexit.o)
 .debug_aranges
                0x00000f48       0x28 /usr/lib/gcc/arm-none-eabi/14.1.0/../../../../arm-none-eabi/lib/thumb/v6-m/nofp/libg.a(libc_a-__call_atexit.o)

.debug_rnglists
                0x00000000     0x2ac2
 .debug_rnglists
                0x00000000       0x3a CMakeFiles/PICO_TEMPLATE.dir/src/led.c.obj
 .debug_rnglists
                0x0000003a      0x5d0 CMakeFiles/PICO_TEMPLATE.dir/usr/share/pico-sdk/src/rp2_common/hardware_gpio/gpio.c.obj
 .debug_rnglists
                0x0000060a       0x19 CMakeFiles/PICO_TEMPLATE.dir/usr/share/pico-sdk/src/rp2_common/pico_platform_panic/panic.c.obj
 .debug_rnglists
                0x00000623       0xb6 CMakeFiles/PICO_TEMPLATE.dir/usr/share/pico-sdk/src/common/hardware_claim/claim.c.obj
 .debug_rnglists
                0x000006d9       0x58 CMakeFiles/PICO_TEMPLATE.dir/usr/share/pico-sdk/src/rp2_common/hardware_sync/sync.c.obj
 .debug_rnglists
                0x00000731       0x3d CMakeFiles/PICO_TEMPLATE.dir/usr/share/pico-sdk/src/rp2_common/hardware_sync_spin_lock/sync_spin_lock.c.obj
 .debug_rnglists
                0x0000076e      0x35c CMakeFiles/PICO_TEMPLATE.dir/usr/share/pico-sdk/src/rp2_common/hardware_irq/irq.c.obj
 .debug_rnglists
                0x00000aca       0x1f CMakeFiles/PICO_TEMPLATE.dir/usr/share/pico-sdk/src/common/pico_sync/lock_core.c.obj
 .debug_rnglists
                0x00000ae9      0x325 CMakeFiles/PICO_TEMPLATE.dir/usr/share/pico-sdk/src/common/pico_sync/mutex.c.obj
 .debug_rnglists
                0x00000e0e      0x86b CMakeFiles/PICO_TEMPLATE.dir/usr/share/pico-sdk/src/common/pico_time/time.c.obj
 .debug_rnglists
                0x00001679      0x2c9 CMakeFiles/PICO_TEMPLATE.dir/usr/share/pico-sdk/src/rp2_common/hardware_timer/timer.c.obj
 .debug_rnglists
                0x00001942      0x52d CMakeFiles/PICO_TEMPLATE.dir/usr/share/pico-sdk/src/rp2_common/hardware_clocks/clocks.c.obj
 .debug_rnglists
                0x00001e6f       0x5c CMakeFiles/PICO_TEMPLATE.dir/usr/share/pico-sdk/src/rp2_common/hardware_pll/pll.c.obj
 .debug_rnglists
                0x00001ecb       0x2b CMakeFiles/PICO_TEMPLATE.dir/usr/share/pico-sdk/src/rp2_common/hardware_ticks/ticks.c.obj
 .debug_rnglists
                0x00001ef6       0x2b CMakeFiles/PICO_TEMPLATE.dir/usr/share/pico-sdk/src/rp2_common/hardware_xosc/xosc.c.obj
 .debug_rnglists
                0x00001f21       0x3d CMakeFiles/PICO_TEMPLATE.dir/usr/share/pico-sdk/src/rp2_common/pico_runtime/runtime.c.obj
 .debug_rnglists
                0x00001f5e       0x49 CMakeFiles/PICO_TEMPLATE.dir/usr/share/pico-sdk/src/rp2_common/pico_runtime_init/runtime_init.c.obj
 .debug_rnglists
                0x00001fa7       0x20 CMakeFiles/PICO_TEMPLATE.dir/usr/share/pico-sdk/src/rp2_common/pico_runtime_init/runtime_init_clocks.c.obj
 .debug_rnglists
                0x00001fc7       0x43 CMakeFiles/PICO_TEMPLATE.dir/usr/share/pico-sdk/src/rp2_common/pico_bit_ops/bit_ops_aeabi.S.obj
 .debug_rnglists
                0x0000200a       0xd6 CMakeFiles/PICO_TEMPLATE.dir/usr/share/pico-sdk/src/rp2_common/pico_bootrom/bootrom.c.obj
 .debug_rnglists
                0x000020e0       0x2c CMakeFiles/PICO_TEMPLATE.dir/usr/share/pico-sdk/src/rp2_common/pico_divider/divider_hardware.S.obj
 .debug_rnglists
                0x0000210c       0xed CMakeFiles/PICO_TEMPLATE.dir/usr/share/pico-sdk/src/rp2_common/pico_double/double_aeabi_rp2040.S.obj
 .debug_rnglists
                0x000021f9       0x14 CMakeFiles/PICO_TEMPLATE.dir/usr/share/pico-sdk/src/rp2_common/pico_double/double_init_rom_rp2040.c.obj
 .debug_rnglists
                0x0000220d       0x99 CMakeFiles/PICO_TEMPLATE.dir/usr/share/pico-sdk/src/rp2_common/pico_double/double_v1_rom_shim_rp2040.S.obj
 .debug_rnglists
                0x000022a6       0xdf CMakeFiles/PICO_TEMPLATE.dir/usr/share/pico-sdk/src/rp2_common/pico_float/float_aeabi_rp2040.S.obj
 .debug_rnglists
                0x00002385       0x13 CMakeFiles/PICO_TEMPLATE.dir/usr/share/pico-sdk/src/rp2_common/pico_float/float_init_rom_rp2040.c.obj
 .debug_rnglists
                0x00002398       0x38 CMakeFiles/PICO_TEMPLATE.dir/usr/share/pico-sdk/src/rp2_common/pico_float/float_v1_rom_shim_rp2040.S.obj
 .debug_rnglists
                0x000023d0       0x25 CMakeFiles/PICO_TEMPLATE.dir/usr/share/pico-sdk/src/rp2_common/pico_mem_ops/mem_ops_aeabi.S.obj
 .debug_rnglists
                0x000023f5      0x2a2 CMakeFiles/PICO_TEMPLATE.dir/usr/share/pico-sdk/src/rp2_common/pico_printf/printf.c.obj
 .debug_rnglists
                0x00002697       0x1b CMakeFiles/PICO_TEMPLATE.dir/usr/share/pico-sdk/src/rp2_common/pico_crt0/crt0.S.obj
 .debug_rnglists
                0x000026b2       0x7f CMakeFiles/PICO_TEMPLATE.dir/usr/share/pico-sdk/src/rp2_common/pico_clib_interface/newlib_interface.c.obj
 .debug_rnglists
                0x00002731      0x2bb CMakeFiles/PICO_TEMPLATE.dir/usr/share/pico-sdk/src/rp2_common/pico_stdio/stdio.c.obj
 .debug_rnglists
                0x000029ec       0x13 /usr/lib/gcc/arm-none-eabi/14.1.0/../../../../arm-none-eabi/lib/thumb/v6-m/nofp/libg.a(libc_a-atexit.o)
 .debug_rnglists
                0x000029ff       0x13 /usr/lib/gcc/arm-none-eabi/14.1.0/../../../../arm-none-eabi/lib/thumb/v6-m/nofp/libg.a(libc_a-fini.o)
 .debug_rnglists
                0x00002a12       0x49 /usr/lib/gcc/arm-none-eabi/14.1.0/../../../../arm-none-eabi/lib/thumb/v6-m/nofp/libg.a(libc_a-lock.o)
 .debug_rnglists
                0x00002a5b       0x13 /usr/lib/gcc/arm-none-eabi/14.1.0/../../../../arm-none-eabi/lib/thumb/v6-m/nofp/libg.a(libc_a-strlen-stub.o)
 .debug_rnglists
                0x00002a6e       0x14 /usr/lib/gcc/arm-none-eabi/14.1.0/../../../../arm-none-eabi/lib/thumb/v6-m/nofp/libg.a(libc_a-__atexit.o)
 .debug_rnglists
                0x00002a82       0x40 /usr/lib/gcc/arm-none-eabi/14.1.0/../../../../arm-none-eabi/lib/thumb/v6-m/nofp/libg.a(libc_a-__call_atexit.o)

.debug_line     0x00000000    0x14ba9
 .debug_line    0x00000000      0x332 CMakeFiles/PICO_TEMPLATE.dir/src/led.c.obj
 .debug_line    0x00000332     0x1be1 CMakeFiles/PICO_TEMPLATE.dir/usr/share/pico-sdk/src/rp2_common/hardware_gpio/gpio.c.obj
 .debug_line    0x00001f13      0x1e5 CMakeFiles/PICO_TEMPLATE.dir/usr/share/pico-sdk/src/rp2_common/pico_platform_panic/panic.c.obj
 .debug_line    0x000020f8      0x835 CMakeFiles/PICO_TEMPLATE.dir/usr/share/pico-sdk/src/common/hardware_claim/claim.c.obj
 .debug_line    0x0000292d      0x42e CMakeFiles/PICO_TEMPLATE.dir/usr/share/pico-sdk/src/rp2_common/hardware_sync/sync.c.obj
 .debug_line    0x00002d5b      0x31f CMakeFiles/PICO_TEMPLATE.dir/usr/share/pico-sdk/src/rp2_common/hardware_sync_spin_lock/sync_spin_lock.c.obj
 .debug_line    0x0000307a     0x161d CMakeFiles/PICO_TEMPLATE.dir/usr/share/pico-sdk/src/rp2_common/hardware_irq/irq.c.obj
 .debug_line    0x00004697      0x24a CMakeFiles/PICO_TEMPLATE.dir/usr/share/pico-sdk/src/common/pico_sync/lock_core.c.obj
 .debug_line    0x000048e1     0x1a80 CMakeFiles/PICO_TEMPLATE.dir/usr/share/pico-sdk/src/common/pico_sync/mutex.c.obj
 .debug_line    0x00006361     0x35d6 CMakeFiles/PICO_TEMPLATE.dir/usr/share/pico-sdk/src/common/pico_time/time.c.obj
 .debug_line    0x00009937     0x1c1a CMakeFiles/PICO_TEMPLATE.dir/usr/share/pico-sdk/src/rp2_common/hardware_timer/timer.c.obj
 .debug_line    0x0000b551     0x1f3f CMakeFiles/PICO_TEMPLATE.dir/usr/share/pico-sdk/src/rp2_common/hardware_clocks/clocks.c.obj
 .debug_line    0x0000d490      0x447 CMakeFiles/PICO_TEMPLATE.dir/usr/share/pico-sdk/src/rp2_common/hardware_pll/pll.c.obj
 .debug_line    0x0000d8d7      0x2a9 CMakeFiles/PICO_TEMPLATE.dir/usr/share/pico-sdk/src/rp2_common/hardware_ticks/ticks.c.obj
 .debug_line    0x0000db80      0x2c2 CMakeFiles/PICO_TEMPLATE.dir/usr/share/pico-sdk/src/rp2_common/hardware_xosc/xosc.c.obj
 .debug_line    0x0000de42      0x28d CMakeFiles/PICO_TEMPLATE.dir/usr/share/pico-sdk/src/rp2_common/pico_runtime/runtime.c.obj
 .debug_line    0x0000e0cf      0x489 CMakeFiles/PICO_TEMPLATE.dir/usr/share/pico-sdk/src/rp2_common/pico_runtime_init/runtime_init.c.obj
 .debug_line    0x0000e558      0x481 CMakeFiles/PICO_TEMPLATE.dir/usr/share/pico-sdk/src/rp2_common/pico_runtime_init/runtime_init_clocks.c.obj
 .debug_line    0x0000e9d9      0x107 CMakeFiles/PICO_TEMPLATE.dir/usr/share/pico-sdk/src/rp2_common/pico_bit_ops/bit_ops_aeabi.S.obj
 .debug_line    0x0000eae0      0x351 CMakeFiles/PICO_TEMPLATE.dir/usr/share/pico-sdk/src/rp2_common/pico_bootrom/bootrom.c.obj
 .debug_line    0x0000ee31      0x2a9 CMakeFiles/PICO_TEMPLATE.dir/usr/share/pico-sdk/src/rp2_common/pico_divider/divider_hardware.S.obj
 .debug_line    0x0000f0da      0x3f8 CMakeFiles/PICO_TEMPLATE.dir/usr/share/pico-sdk/src/rp2_common/pico_double/double_aeabi_rp2040.S.obj
 .debug_line    0x0000f4d2      0x3e8 CMakeFiles/PICO_TEMPLATE.dir/usr/share/pico-sdk/src/rp2_common/pico_double/double_init_rom_rp2040.c.obj
 .debug_line    0x0000f8ba      0x66d CMakeFiles/PICO_TEMPLATE.dir/usr/share/pico-sdk/src/rp2_common/pico_double/double_v1_rom_shim_rp2040.S.obj
 .debug_line    0x0000ff27       0x61 CMakeFiles/PICO_TEMPLATE.dir/usr/share/pico-sdk/src/rp2_common/pico_int64_ops/pico_int64_ops_aeabi.S.obj
 .debug_line    0x0000ff88      0x3b4 CMakeFiles/PICO_TEMPLATE.dir/usr/share/pico-sdk/src/rp2_common/pico_float/float_aeabi_rp2040.S.obj
 .debug_line    0x0001033c      0x2fd CMakeFiles/PICO_TEMPLATE.dir/usr/share/pico-sdk/src/rp2_common/pico_float/float_init_rom_rp2040.c.obj
 .debug_line    0x00010639      0x195 CMakeFiles/PICO_TEMPLATE.dir/usr/share/pico-sdk/src/rp2_common/pico_float/float_v1_rom_shim_rp2040.S.obj
 .debug_line    0x000107ce       0x94 CMakeFiles/PICO_TEMPLATE.dir/usr/share/pico-sdk/src/rp2_common/pico_mem_ops/mem_ops_aeabi.S.obj
 .debug_line    0x00010862      0x178 CMakeFiles/PICO_TEMPLATE.dir/usr/share/pico-sdk/src/rp2_common/pico_standard_binary_info/standard_binary_info.c.obj
 .debug_line    0x000109da     0x1c4b CMakeFiles/PICO_TEMPLATE.dir/usr/share/pico-sdk/src/rp2_common/pico_printf/printf.c.obj
 .debug_line    0x00012625       0xa4 CMakeFiles/PICO_TEMPLATE.dir/usr/share/pico-sdk/src/rp2_common/pico_crt0/crt0.S.obj
 .debug_line    0x000126c9      0x771 CMakeFiles/PICO_TEMPLATE.dir/usr/share/pico-sdk/src/rp2_common/pico_clib_interface/newlib_interface.c.obj
 .debug_line    0x00012e3a     0x137a CMakeFiles/PICO_TEMPLATE.dir/usr/share/pico-sdk/src/rp2_common/pico_stdio/stdio.c.obj
 .debug_line    0x000141b4       0x4a /usr/lib/gcc/arm-none-eabi/14.1.0/thumb/v6-m/nofp/libgcc.a(_dvmd_tls.o)
 .debug_line    0x000141fe       0xe7 /usr/lib/gcc/arm-none-eabi/14.1.0/../../../../arm-none-eabi/lib/thumb/v6-m/nofp/libg.a(libc_a-atexit.o)
 .debug_line    0x000142e5       0xe7 /usr/lib/gcc/arm-none-eabi/14.1.0/../../../../arm-none-eabi/lib/thumb/v6-m/nofp/libg.a(libc_a-fini.o)
 .debug_line    0x000143cc      0x17d /usr/lib/gcc/arm-none-eabi/14.1.0/../../../../arm-none-eabi/lib/thumb/v6-m/nofp/libg.a(libc_a-lock.o)
 .debug_line    0x00014549      0x1e1 /usr/lib/gcc/arm-none-eabi/14.1.0/../../../../arm-none-eabi/lib/thumb/v6-m/nofp/libg.a(libc_a-strlen-stub.o)
 .debug_line    0x0001472a      0x19a /usr/lib/gcc/arm-none-eabi/14.1.0/../../../../arm-none-eabi/lib/thumb/v6-m/nofp/libg.a(libc_a-__atexit.o)
 .debug_line    0x000148c4      0x2e5 /usr/lib/gcc/arm-none-eabi/14.1.0/../../../../arm-none-eabi/lib/thumb/v6-m/nofp/libg.a(libc_a-__call_atexit.o)

.debug_str      0x00000000     0x4736
 .debug_str     0x00000000     0x4736 CMakeFiles/PICO_TEMPLATE.dir/src/led.c.obj
                                0x43c (size before relaxing)
 .debug_str     0x00004736      0xc7c CMakeFiles/PICO_TEMPLATE.dir/usr/share/pico-sdk/src/rp2_common/hardware_gpio/gpio.c.obj
 .debug_str     0x00004736      0x207 CMakeFiles/PICO_TEMPLATE.dir/usr/share/pico-sdk/src/rp2_common/pico_platform_panic/panic.c.obj
 .debug_str     0x00004736      0x38a CMakeFiles/PICO_TEMPLATE.dir/usr/share/pico-sdk/src/common/hardware_claim/claim.c.obj
 .debug_str     0x00004736      0x333 CMakeFiles/PICO_TEMPLATE.dir/usr/share/pico-sdk/src/rp2_common/hardware_sync/sync.c.obj
 .debug_str     0x00004736      0x246 CMakeFiles/PICO_TEMPLATE.dir/usr/share/pico-sdk/src/rp2_common/hardware_sync_spin_lock/sync_spin_lock.c.obj
 .debug_str     0x00004736      0xa6a CMakeFiles/PICO_TEMPLATE.dir/usr/share/pico-sdk/src/rp2_common/hardware_irq/irq.c.obj
 .debug_str     0x00004736      0x212 CMakeFiles/PICO_TEMPLATE.dir/usr/share/pico-sdk/src/common/pico_sync/lock_core.c.obj
 .debug_str     0x00004736      0x7a5 CMakeFiles/PICO_TEMPLATE.dir/usr/share/pico-sdk/src/common/pico_sync/mutex.c.obj
 .debug_str     0x00004736     0x114a CMakeFiles/PICO_TEMPLATE.dir/usr/share/pico-sdk/src/common/pico_time/time.c.obj
 .debug_str     0x00004736      0x9ed CMakeFiles/PICO_TEMPLATE.dir/usr/share/pico-sdk/src/rp2_common/hardware_timer/timer.c.obj
 .debug_str     0x00004736      0x984 CMakeFiles/PICO_TEMPLATE.dir/usr/share/pico-sdk/src/rp2_common/hardware_clocks/clocks.c.obj
 .debug_str     0x00004736      0x465 CMakeFiles/PICO_TEMPLATE.dir/usr/share/pico-sdk/src/rp2_common/hardware_pll/pll.c.obj
 .debug_str     0x00004736      0x294 CMakeFiles/PICO_TEMPLATE.dir/usr/share/pico-sdk/src/rp2_common/hardware_ticks/ticks.c.obj
 .debug_str     0x00004736      0x249 CMakeFiles/PICO_TEMPLATE.dir/usr/share/pico-sdk/src/rp2_common/hardware_xosc/xosc.c.obj
 .debug_str     0x00004736      0x299 CMakeFiles/PICO_TEMPLATE.dir/usr/share/pico-sdk/src/rp2_common/pico_runtime/runtime.c.obj
 .debug_str     0x00004736      0x78d CMakeFiles/PICO_TEMPLATE.dir/usr/share/pico-sdk/src/rp2_common/pico_runtime_init/runtime_init.c.obj
 .debug_str     0x00004736      0x4a1 CMakeFiles/PICO_TEMPLATE.dir/usr/share/pico-sdk/src/rp2_common/pico_runtime_init/runtime_init_clocks.c.obj
 .debug_str     0x00004736       0xa6 CMakeFiles/PICO_TEMPLATE.dir/usr/share/pico-sdk/src/rp2_common/pico_bit_ops/bit_ops_aeabi.S.obj
 .debug_str     0x00004736      0x2f2 CMakeFiles/PICO_TEMPLATE.dir/usr/share/pico-sdk/src/rp2_common/pico_bootrom/bootrom.c.obj
 .debug_str     0x00004736       0xa9 CMakeFiles/PICO_TEMPLATE.dir/usr/share/pico-sdk/src/rp2_common/pico_divider/divider_hardware.S.obj
 .debug_str     0x00004736       0xab CMakeFiles/PICO_TEMPLATE.dir/usr/share/pico-sdk/src/rp2_common/pico_double/double_aeabi_rp2040.S.obj
 .debug_str     0x00004736      0x2bc CMakeFiles/PICO_TEMPLATE.dir/usr/share/pico-sdk/src/rp2_common/pico_double/double_init_rom_rp2040.c.obj
 .debug_str     0x00004736       0xb1 CMakeFiles/PICO_TEMPLATE.dir/usr/share/pico-sdk/src/rp2_common/pico_double/double_v1_rom_shim_rp2040.S.obj
 .debug_str     0x00004736       0xaf CMakeFiles/PICO_TEMPLATE.dir/usr/share/pico-sdk/src/rp2_common/pico_int64_ops/pico_int64_ops_aeabi.S.obj
 .debug_str     0x00004736       0xa9 CMakeFiles/PICO_TEMPLATE.dir/usr/share/pico-sdk/src/rp2_common/pico_float/float_aeabi_rp2040.S.obj
 .debug_str     0x00004736      0x2a1 CMakeFiles/PICO_TEMPLATE.dir/usr/share/pico-sdk/src/rp2_common/pico_float/float_init_rom_rp2040.c.obj
 .debug_str     0x00004736       0xaf CMakeFiles/PICO_TEMPLATE.dir/usr/share/pico-sdk/src/rp2_common/pico_float/float_v1_rom_shim_rp2040.S.obj
 .debug_str     0x00004736       0xa6 CMakeFiles/PICO_TEMPLATE.dir/usr/share/pico-sdk/src/rp2_common/pico_mem_ops/mem_ops_aeabi.S.obj
 .debug_str     0x00004736      0x3ce CMakeFiles/PICO_TEMPLATE.dir/usr/share/pico-sdk/src/rp2_common/pico_standard_binary_info/standard_binary_info.c.obj
 .debug_str     0x00004736      0x4eb CMakeFiles/PICO_TEMPLATE.dir/usr/share/pico-sdk/src/rp2_common/pico_printf/printf.c.obj
 .debug_str     0x00004736       0x9a CMakeFiles/PICO_TEMPLATE.dir/usr/share/pico-sdk/src/rp2_common/pico_crt0/crt0.S.obj
 .debug_str     0x00004736      0x727 CMakeFiles/PICO_TEMPLATE.dir/usr/share/pico-sdk/src/rp2_common/pico_clib_interface/newlib_interface.c.obj
 .debug_str     0x00004736      0xd82 CMakeFiles/PICO_TEMPLATE.dir/usr/share/pico-sdk/src/rp2_common/pico_stdio/stdio.c.obj
 .debug_str     0x00004736       0xba /usr/lib/gcc/arm-none-eabi/14.1.0/thumb/v6-m/nofp/libgcc.a(_dvmd_tls.o)
 .debug_str     0x00004736      0x1f7 /usr/lib/gcc/arm-none-eabi/14.1.0/../../../../arm-none-eabi/lib/thumb/v6-m/nofp/libg.a(libc_a-atexit.o)
 .debug_str     0x00004736      0x1f1 /usr/lib/gcc/arm-none-eabi/14.1.0/../../../../arm-none-eabi/lib/thumb/v6-m/nofp/libg.a(libc_a-fini.o)
 .debug_str     0x00004736      0x351 /usr/lib/gcc/arm-none-eabi/14.1.0/../../../../arm-none-eabi/lib/thumb/v6-m/nofp/libg.a(libc_a-lock.o)
 .debug_str     0x00004736      0x1d7 /usr/lib/gcc/arm-none-eabi/14.1.0/../../../../arm-none-eabi/lib/thumb/v6-m/nofp/libg.a(libc_a-strlen-stub.o)
 .debug_str     0x00004736      0x2ce /usr/lib/gcc/arm-none-eabi/14.1.0/../../../../arm-none-eabi/lib/thumb/v6-m/nofp/libg.a(libc_a-__atexit.o)
 .debug_str     0x00004736      0x2f7 /usr/lib/gcc/arm-none-eabi/14.1.0/../../../../arm-none-eabi/lib/thumb/v6-m/nofp/libg.a(libc_a-__call_atexit.o)

.debug_frame    0x00000000     0x1af0
 .debug_frame   0x00000000       0x2c CMakeFiles/PICO_TEMPLATE.dir/src/led.c.obj
 .debug_frame   0x0000002c      0x330 CMakeFiles/PICO_TEMPLATE.dir/usr/share/pico-sdk/src/rp2_common/hardware_gpio/gpio.c.obj
 .debug_frame   0x0000035c       0x44 CMakeFiles/PICO_TEMPLATE.dir/usr/share/pico-sdk/src/rp2_common/pico_platform_panic/panic.c.obj
 .debug_frame   0x000003a0       0xa0 CMakeFiles/PICO_TEMPLATE.dir/usr/share/pico-sdk/src/common/hardware_claim/claim.c.obj